Archive member included to satisfy reference by file (symbol)

C:/ST/STM32CubeIDE_1.16.0/STM32CubeIDE/plugins/com.st.stm32cube.ide.mcu.externaltools.gnu-tools-for-stm32.13.3.rel1.win32_1.0.0.202411081344/tools/bin/../lib/gcc/arm-none-eabi/13.3.1/../../../../arm-none-eabi/lib/thumb/v7e-m+fp/hard\libc_nano.a(libc_a-exit.o)
                              C:/ST/STM32CubeIDE_1.16.0/STM32CubeIDE/plugins/com.st.stm32cube.ide.mcu.externaltools.gnu-tools-for-stm32.13.3.rel1.win32_1.0.0.202411081344/tools/bin/../lib/gcc/arm-none-eabi/13.3.1/../../../../arm-none-eabi/lib/thumb/v7e-m+fp/hard/rdimon-crt0.o (exit)
C:/ST/STM32CubeIDE_1.16.0/STM32CubeIDE/plugins/com.st.stm32cube.ide.mcu.externaltools.gnu-tools-for-stm32.13.3.rel1.win32_1.0.0.202411081344/tools/bin/../lib/gcc/arm-none-eabi/13.3.1/../../../../arm-none-eabi/lib/thumb/v7e-m+fp/hard\libc_nano.a(libc_a-findfp.o)
                              C:/ST/STM32CubeIDE_1.16.0/STM32CubeIDE/plugins/com.st.stm32cube.ide.mcu.externaltools.gnu-tools-for-stm32.13.3.rel1.win32_1.0.0.202411081344/tools/bin/../lib/gcc/arm-none-eabi/13.3.1/../../../../arm-none-eabi/lib/thumb/v7e-m+fp/hard\libc_nano.a(libc_a-exit.o) (__stdio_exit_handler)
C:/ST/STM32CubeIDE_1.16.0/STM32CubeIDE/plugins/com.st.stm32cube.ide.mcu.externaltools.gnu-tools-for-stm32.13.3.rel1.win32_1.0.0.202411081344/tools/bin/../lib/gcc/arm-none-eabi/13.3.1/../../../../arm-none-eabi/lib/thumb/v7e-m+fp/hard\libc_nano.a(libc_a-fwalk.o)
                              C:/ST/STM32CubeIDE_1.16.0/STM32CubeIDE/plugins/com.st.stm32cube.ide.mcu.externaltools.gnu-tools-for-stm32.13.3.rel1.win32_1.0.0.202411081344/tools/bin/../lib/gcc/arm-none-eabi/13.3.1/../../../../arm-none-eabi/lib/thumb/v7e-m+fp/hard\libc_nano.a(libc_a-findfp.o) (_fwalk_sglue)
C:/ST/STM32CubeIDE_1.16.0/STM32CubeIDE/plugins/com.st.stm32cube.ide.mcu.externaltools.gnu-tools-for-stm32.13.3.rel1.win32_1.0.0.202411081344/tools/bin/../lib/gcc/arm-none-eabi/13.3.1/../../../../arm-none-eabi/lib/thumb/v7e-m+fp/hard\libc_nano.a(libc_a-printf.o)
                              ./Core/Src/modbus_device.o (printf)
C:/ST/STM32CubeIDE_1.16.0/STM32CubeIDE/plugins/com.st.stm32cube.ide.mcu.externaltools.gnu-tools-for-stm32.13.3.rel1.win32_1.0.0.202411081344/tools/bin/../lib/gcc/arm-none-eabi/13.3.1/../../../../arm-none-eabi/lib/thumb/v7e-m+fp/hard\libc_nano.a(libc_a-puts.o)
                              ./Core/Src/modbus_device.o (puts)
C:/ST/STM32CubeIDE_1.16.0/STM32CubeIDE/plugins/com.st.stm32cube.ide.mcu.externaltools.gnu-tools-for-stm32.13.3.rel1.win32_1.0.0.202411081344/tools/bin/../lib/gcc/arm-none-eabi/13.3.1/../../../../arm-none-eabi/lib/thumb/v7e-m+fp/hard\libc_nano.a(libc_a-stdio.o)
                              C:/ST/STM32CubeIDE_1.16.0/STM32CubeIDE/plugins/com.st.stm32cube.ide.mcu.externaltools.gnu-tools-for-stm32.13.3.rel1.win32_1.0.0.202411081344/tools/bin/../lib/gcc/arm-none-eabi/13.3.1/../../../../arm-none-eabi/lib/thumb/v7e-m+fp/hard\libc_nano.a(libc_a-findfp.o) (__sread)
C:/ST/STM32CubeIDE_1.16.0/STM32CubeIDE/plugins/com.st.stm32cube.ide.mcu.externaltools.gnu-tools-for-stm32.13.3.rel1.win32_1.0.0.202411081344/tools/bin/../lib/gcc/arm-none-eabi/13.3.1/../../../../arm-none-eabi/lib/thumb/v7e-m+fp/hard\libc_nano.a(libc_a-wbuf.o)
                              C:/ST/STM32CubeIDE_1.16.0/STM32CubeIDE/plugins/com.st.stm32cube.ide.mcu.externaltools.gnu-tools-for-stm32.13.3.rel1.win32_1.0.0.202411081344/tools/bin/../lib/gcc/arm-none-eabi/13.3.1/../../../../arm-none-eabi/lib/thumb/v7e-m+fp/hard\libc_nano.a(libc_a-puts.o) (__swbuf_r)
C:/ST/STM32CubeIDE_1.16.0/STM32CubeIDE/plugins/com.st.stm32cube.ide.mcu.externaltools.gnu-tools-for-stm32.13.3.rel1.win32_1.0.0.202411081344/tools/bin/../lib/gcc/arm-none-eabi/13.3.1/../../../../arm-none-eabi/lib/thumb/v7e-m+fp/hard\libc_nano.a(libc_a-wsetup.o)
                              C:/ST/STM32CubeIDE_1.16.0/STM32CubeIDE/plugins/com.st.stm32cube.ide.mcu.externaltools.gnu-tools-for-stm32.13.3.rel1.win32_1.0.0.202411081344/tools/bin/../lib/gcc/arm-none-eabi/13.3.1/../../../../arm-none-eabi/lib/thumb/v7e-m+fp/hard\libc_nano.a(libc_a-puts.o) (__swsetup_r)
C:/ST/STM32CubeIDE_1.16.0/STM32CubeIDE/plugins/com.st.stm32cube.ide.mcu.externaltools.gnu-tools-for-stm32.13.3.rel1.win32_1.0.0.202411081344/tools/bin/../lib/gcc/arm-none-eabi/13.3.1/../../../../arm-none-eabi/lib/thumb/v7e-m+fp/hard\libc_nano.a(libc_a-memset.o)
                              C:/ST/STM32CubeIDE_1.16.0/STM32CubeIDE/plugins/com.st.stm32cube.ide.mcu.externaltools.gnu-tools-for-stm32.13.3.rel1.win32_1.0.0.202411081344/tools/bin/../lib/gcc/arm-none-eabi/13.3.1/../../../../arm-none-eabi/lib/thumb/v7e-m+fp/hard/rdimon-crt0.o (memset)
C:/ST/STM32CubeIDE_1.16.0/STM32CubeIDE/plugins/com.st.stm32cube.ide.mcu.externaltools.gnu-tools-for-stm32.13.3.rel1.win32_1.0.0.202411081344/tools/bin/../lib/gcc/arm-none-eabi/13.3.1/../../../../arm-none-eabi/lib/thumb/v7e-m+fp/hard\libc_nano.a(libc_a-closer.o)
[...]
Memory Configuration

Name             Origin             Length             Attributes
CCMRAM           0x10000000         0x00001000         xrw
RAM              0x20000000         0x00003000         xrw
FLASH            0x08000000         0x00010000         xr
*default*        0x00000000         0xffffffff

Linker script and memory map

LOAD C:/ST/STM32CubeIDE_1.16.0/STM32CubeIDE/plugins/com.st.stm32cube.ide.mcu.externaltools.gnu-tools-for-stm32.13.3.rel1.win32_1.0.0.202411081344/tools/bin/../lib/gcc/arm-none-eabi/13.3.1/thumb/v7e-m+fp/hard/crti.o
LOAD C:/ST/STM32CubeIDE_1.16.0/STM32CubeIDE/plugins/com.st.stm32cube.ide.mcu.externaltools.gnu-tools-for-stm32.13.3.rel1.win32_1.0.0.202411081344/tools/bin/../lib/gcc/arm-none-eabi/13.3.1/thumb/v7e-m+fp/hard/crtbegin.o
LOAD C:/ST/STM32CubeIDE_1.16.0/STM32CubeIDE/plugins/com.st.stm32cube.ide.mcu.externaltools.gnu-tools-for-stm32.13.3.rel1.win32_1.0.0.202411081344/tools/bin/../lib/gcc/arm-none-eabi/13.3.1/../../../../arm-none-eabi/lib/thumb/v7e-m+fp/hard/rdimon-crt0.o
LOAD ./Core/Src/main.o
LOAD ./Core/Src/mbutils.o
LOAD ./Core/Src/modbus.o
LOAD ./Core/Src/modbus_device.o
LOAD ./Core/Src/modbus_init.o
LOAD ./Core/Src/modbus_test.o
LOAD ./Core/Src/stm32f3xx_hal_msp.o
LOAD ./Core/Src/stm32f3xx_it.o
LOAD ./Core/Src/sysmem.o
LOAD ./Core/Src/system_stm32f3xx.o
LOAD ./Core/Src/uart_callbacks.o
LOAD ./Core/Startup/startup_stm32f303k8tx.o
LOAD ./Drivers/STM32F3xx_HAL_Driver/Src/stm32f3xx_hal.o
LOAD ./Drivers/STM32F3xx_HAL_Driver/Src/stm32f3xx_hal_cortex.o
LOAD ./Drivers/STM32F3xx_HAL_Driver/Src/stm32f3xx_hal_dma.o
LOAD ./Drivers/STM32F3xx_HAL_Driver/Src/stm32f3xx_hal_exti.o
LOAD ./Drivers/STM32F3xx_HAL_Driver/Src/stm32f3xx_hal_flash.o
LOAD ./Drivers/STM32F3xx_HAL_Driver/Src/stm32f3xx_hal_flash_ex.o
LOAD ./Drivers/STM32F3xx_HAL_Driver/Src/stm32f3xx_hal_gpio.o
LOAD ./Drivers/STM32F3xx_HAL_Driver/Src/stm32f3xx_hal_i2c.o
LOAD ./Drivers/STM32F3xx_HAL_Driver/Src/stm32f3xx_hal_i2c_ex.o
LOAD ./Drivers/STM32F3xx_HAL_Driver/Src/stm32f3xx_hal_pwr.o
LOAD ./Drivers/STM32F3xx_HAL_Driver/Src/stm32f3xx_hal_pwr_ex.o
LOAD ./Drivers/STM32F3xx_HAL_Driver/Src/stm32f3xx_hal_rcc.o
LOAD ./Drivers/STM32F3xx_HAL_Driver/Src/stm32f3xx_hal_rcc_ex.o
LOAD ./Drivers/STM32F3xx_HAL_Driver/Src/stm32f3xx_hal_uart.o
LOAD ./Drivers/STM32F3xx_HAL_Driver/Src/stm32f3xx_hal_uart_ex.o
LOAD C:/ST/STM32CubeIDE_1.16.0/STM32CubeIDE/plugins/com.st.stm32cube.ide.mcu.externaltools.gnu-tools-for-stm32.13.3.rel1.win32_1.0.0.202411081344/tools/bin/../lib/gcc/arm-none-eabi/13.3.1/../../../../arm-none-eabi/lib/thumb/v7e-m+fp/hard\libc_nano.a
LOAD C:/ST/STM32CubeIDE_1.16.0/STM32CubeIDE/plugins/com.st.stm32cube.ide.mcu.externaltools.gnu-tools-for-stm32.13.3.rel1.win32_1.0.0.202411081344/tools/bin/../lib/gcc/arm-none-eabi/13.3.1/../../../../arm-none-eabi/lib/thumb/v7e-m+fp/hard\librdimon_nano.a
START GROUP
LOAD C:/ST/STM32CubeIDE_1.16.0/STM32CubeIDE/plugins/com.st.stm32cube.ide.mcu.externaltools.gnu-tools-for-stm32.13.3.rel1.win32_1.0.0.202411081344/tools/bin/../lib/gcc/arm-none-eabi/13.3.1/../../../../arm-none-eabi/lib/thumb/v7e-m+fp/hard\libc_nano.a
LOAD C:/ST/STM32CubeIDE_1.16.0/STM32CubeIDE/plugins/com.st.stm32cube.ide.mcu.externaltools.gnu-tools-for-stm32.13.3.rel1.win32_1.0.0.202411081344/tools/bin/../lib/gcc/arm-none-eabi/13.3.1/../../../../arm-none-eabi/lib/thumb/v7e-m+fp/hard\libm.a
END GROUP
START GROUP
LOAD C:/ST/STM32CubeIDE_1.16.0/STM32CubeIDE/plugins/com.st.stm32cube.ide.mcu.externaltools.gnu-tools-for-stm32.13.3.rel1.win32_1.0.0.202411081344/tools/bin/../lib/gcc/arm-none-eabi/13.3.1/thumb/v7e-m+fp/hard\libgcc.a
LOAD C:/ST/STM32CubeIDE_1.16.0/STM32CubeIDE/plugins/com.st.stm32cube.ide.mcu.externaltools.gnu-tools-for-stm32.13.3.rel1.win32_1.0.0.202411081344/tools/bin/../lib/gcc/arm-none-eabi/13.3.1/../../../../arm-none-eabi/lib/thumb/v7e-m+fp/hard\libc_nano.a
END GROUP
START GROUP
LOAD C:/ST/STM32CubeIDE_1.16.0/STM32CubeIDE/plugins/com.st.stm32cube.ide.mcu.externaltools.gnu-tools-for-stm32.13.3.rel1.win32_1.0.0.202411081344/tools/bin/../lib/gcc/arm-none-eabi/13.3.1/thumb/v7e-m+fp/hard\libgcc.a
LOAD C:/ST/STM32CubeIDE_1.16.0/STM32CubeIDE/plugins/com.st.stm32cube.ide.mcu.externaltools.gnu-tools-for-stm32.13.3.rel1.win32_1.0.0.202411081344/tools/bin/../lib/gcc/arm-none-eabi/13.3.1/../../../../arm-none-eabi/lib/thumb/v7e-m+fp/hard\libc_nano.a
LOAD C:/ST/STM32CubeIDE_1.16.0/STM32CubeIDE/plugins/com.st.stm32cube.ide.mcu.externaltools.gnu-tools-for-stm32.13.3.rel1.win32_1.0.0.202411081344/tools/bin/../lib/gcc/arm-none-eabi/13.3.1/../../../../arm-none-eabi/lib/thumb/v7e-m+fp/hard\libnosys.a
END GROUP
START GROUP
LOAD C:/ST/STM32CubeIDE_1.16.0/STM32CubeIDE/plugins/com.st.stm32cube.ide.mcu.externaltools.gnu-tools-for-stm32.13.3.rel1.win32_1.0.0.202411081344/tools/bin/../lib/gcc/arm-none-eabi/13.3.1/thumb/v7e-m+fp/hard\libgcc.a
LOAD C:/ST/STM32CubeIDE_1.16.0/STM32CubeIDE/plugins/com.st.stm32cube.ide.mcu.externaltools.gnu-tools-for-stm32.13.3.rel1.win32_1.0.0.202411081344/tools/bin/../lib/gcc/arm-none-eabi/13.3.1/../../../../arm-none-eabi/lib/thumb/v7e-m+fp/hard\libc_nano.a
LOAD C:/ST/STM32CubeIDE_1.16.0/STM32CubeIDE/plugins/com.st.stm32cube.ide.mcu.externaltools.gnu-tools-for-stm32.13.3.rel1.win32_1.0.0.202411081344/tools/bin/../lib/gcc/arm-none-eabi/13.3.1/../../../../arm-none-eabi/lib/thumb/v7e-m+fp/hard\librdimon_nano.a
END GROUP
START GROUP
LOAD C:/ST/STM32CubeIDE_1.16.0/STM32CubeIDE/plugins/com.st.stm32cube.ide.mcu.externaltools.gnu-tools-for-stm32.13.3.rel1.win32_1.0.0.202411081344/tools/bin/../lib/gcc/arm-none-eabi/13.3.1/thumb/v7e-m+fp/hard\libgcc.a
LOAD C:/ST/STM32CubeIDE_1.16.0/STM32CubeIDE/plugins/com.st.stm32cube.ide.mcu.externaltools.gnu-tools-for-stm32.13.3.rel1.win32_1.0.0.202411081344/tools/bin/../lib/gcc/arm-none-eabi/13.3.1/../../../../arm-none-eabi/lib/thumb/v7e-m+fp/hard\libc_nano.a
LOAD C:/ST/STM32CubeIDE_1.16.0/STM32CubeIDE/plugins/com.st.stm32cube.ide.mcu.externaltools.gnu-tools-for-stm32.13.3.rel1.win32_1.0.0.202411081344/tools/bin/../lib/gcc/arm-none-eabi/13.3.1/../../../../arm-none-eabi/lib/thumb/v7e-m+fp/hard\librdimon_nano.a
LOAD C:/ST/STM32CubeIDE_1.16.0/STM32CubeIDE/plugins/com.st.stm32cube.ide.mcu.externaltools.gnu-tools-for-stm32.13.3.rel1.win32_1.0.0.202411081344/tools/bin/../lib/gcc/arm-none-eabi/13.3.1/../../../../arm-none-eabi/lib/thumb/v7e-m+fp/hard\libnosys.a
END GROUP
LOAD C:/ST/STM32CubeIDE_1.16.0/STM32CubeIDE/plugins/com.st.stm32cube.ide.mcu.externaltools.gnu-tools-for-stm32.13.3.rel1.win32_1.0.0.202411081344/tools/bin/../lib/gcc/arm-none-eabi/13.3.1/thumb/v7e-m+fp/hard/crtend.o
LOAD C:/ST/STM32CubeIDE_1.16.0/STM32CubeIDE/plugins/com.st.stm32cube.ide.mcu.externaltools.gnu-tools-for-stm32.13.3.rel1.win32_1.0.0.202411081344/tools/bin/../lib/gcc/arm-none-eabi/13.3.1/thumb/v7e-m+fp/hard/crtn.o
                0x20003000                        _estack = (ORIGIN (RAM) + LENGTH (RAM))
                0x00000200                        _Min_Heap_Size = 0x200
                0x00000400                        _Min_Stack_Size = 0x400

.isr_vector     0x08000000      0x188
                0x08000000                        . = ALIGN (0x4)
 *(.isr_vector)
 .isr_vector    0x08000000      0x188 ./Core/Startup/startup_stm32f303k8tx.o
                0x08000000                g_pfnVectors
                0x08000188                        . = ALIGN (0x4)

.text           0x08000188     0x5088
                0x08000188                        . = ALIGN (0x4)
 *(.text)
 .text          0x08000188       0x40 C:/ST/STM32CubeIDE_1.16.0/STM32CubeIDE/plugins/com.st.stm32cube.ide.mcu.externaltools.gnu-tools-for-stm32.13.3.rel1.win32_1.0.0.202411081344/tools/bin/../lib/gcc/arm-none-eabi/13.3.1/thumb/v7e-m+fp/hard/crtbegin.o
 .text          0x080001c8       0x10 C:/ST/STM32CubeIDE_1.16.0/STM32CubeIDE/plugins/com.st.stm32cube.ide.mcu.externaltools.gnu-tools-for-stm32.13.3.rel1.win32_1.0.0.202411081344/tools/bin/../lib/gcc/arm-none-eabi/13.3.1/../../../../arm-none-eabi/lib/thumb/v7e-m+fp/hard\libc_nano.a(libc_a-strlen.o)
                0x080001c8                strlen
 *(.text*)
 .text.main     0x080001d8       0x3e ./Core/Src/main.o
                0x080001d8                main
 .text.SystemClock_Config
                0x08000216       0xa4 ./Core/Src/main.o
                0x08000216                SystemClock_Config
 *fill*         0x080002ba        0x2 
 .text.MX_USART1_UART_Init
                0x080002bc       0x64 ./Core/Src/main.o
 .text.MX_DMA_Init
                0x08000320       0x4c ./Core/Src/main.o
 .text.MX_GPIO_Init
                0x0800036c       0x60 ./Core/Src/main.o
 .text.Error_Handler
                0x080003cc        0xc ./Core/Src/main.o
                0x080003cc                Error_Handler
 .text.mbus_crc16
                0x080003d8       0x58 ./Core/Src/mbutils.o
                0x080003d8                mbus_crc16
 .text.mbus_tickcount
                0x08000430       0x10 ./Core/Src/mbutils.o
                0x08000430                mbus_tickcount
 .text.mbus_open
                0x08000440       0xa8 ./Core/Src/modbus.o
                0x08000440                mbus_open
 .text.mbus_flush
                0x080004e8       0x4c ./Core/Src/modbus.o
                0x080004e8                mbus_flush
 .text.mbus_response
                0x08000534       0x34 ./Core/Src/modbus.o
                0x08000534                mbus_response
 .text.mbus_poll_response
                0x08000568      0x320 ./Core/Src/modbus.o
                0x08000568                mbus_poll_response
 .text.mbus_poll
                0x08000888      0x39c ./Core/Src/modbus.o
                0x08000888                mbus_poll
 .text.mbus_send_error
                0x08000c24       0x58 ./Core/Src/modbus.o
                0x08000c24                mbus_send_error
 .text.mbus_send_data
                0x08000c7c       0xcc ./Core/Src/modbus.o
                0x08000c7c                mbus_send_data
 .text.mbus_proto_address
                0x08000d48       0xb0 ./Core/Src/modbus.o
                0x08000d48                mbus_proto_address
 .text.Modbus_Device_Read
                0x08000df8       0x48 ./Core/Src/modbus_device.o
                0x08000df8                Modbus_Device_Read
 .text.Modbus_Device_Write
                0x08000e40       0x78 ./Core/Src/modbus_device.o
                0x08000e40                Modbus_Device_Write
 .text.Modbus_Device_UpdateSensors
                0x08000eb8        0xe ./Core/Src/modbus_device.o
                0x08000eb8                Modbus_Device_UpdateSensors
 *fill*         0x08000ec6        0x2 
 .text.Modbus_Init
                0x08000ec8      0x114 ./Core/Src/modbus_init.o
                0x08000ec8                Modbus_Init
 .text.Modbus_Process
                0x08000fdc        0xe ./Core/Src/modbus_init.o
                0x08000fdc                Modbus_Process
 *fill*         0x08000fea        0x2 
 .text.Modbus_SendData
                0x08000fec       0x3c ./Core/Src/modbus_init.o
 .text.Modbus_GetContext
                0x08001028       0x18 ./Core/Src/modbus_init.o
                0x08001028                Modbus_GetContext
 .text.Modbus_Test_Init
                0x08001040        0xe ./Core/Src/modbus_test.o
                0x08001040                Modbus_Test_Init
 *fill*         0x0800104e        0x2 
 .text.Modbus_Test_Update
                0x08001050       0x1c ./Core/Src/modbus_test.o
                0x08001050                Modbus_Test_Update
 .text.HAL_MspInit
                0x0800106c       0x48 ./Core/Src/stm32f3xx_hal_msp.o
                0x0800106c                HAL_MspInit
 .text.HAL_UART_MspInit
                0x080010b4      0x140 ./Core/Src/stm32f3xx_hal_msp.o
                0x080010b4                HAL_UART_MspInit
 .text.NMI_Handler
                0x080011f4        0x8 ./Core/Src/stm32f3xx_it.o
                0x080011f4                NMI_Handler
 .text.HardFault_Handler
                0x080011fc        0x8 ./Core/Src/stm32f3xx_it.o
                0x080011fc                HardFault_Handler
 .text.MemManage_Handler
                0x08001204        0x8 ./Core/Src/stm32f3xx_it.o
                0x08001204                MemManage_Handler
 .text.BusFault_Handler
                0x0800120c        0x8 ./Core/Src/stm32f3xx_it.o
                0x0800120c                BusFault_Handler
 .text.UsageFault_Handler
                0x08001214        0x8 ./Core/Src/stm32f3xx_it.o
                0x08001214                UsageFault_Handler
 .text.SVC_Handler
                0x0800121c        0xe ./Core/Src/stm32f3xx_it.o
                0x0800121c                SVC_Handler
 .text.DebugMon_Handler
                0x0800122a        0xe ./Core/Src/stm32f3xx_it.o
                0x0800122a                DebugMon_Handler
 .text.PendSV_Handler
                0x08001238        0xe ./Core/Src/stm32f3xx_it.o
                0x08001238                PendSV_Handler
 .text.SysTick_Handler
                0x08001246        0xc ./Core/Src/stm32f3xx_it.o
                0x08001246                SysTick_Handler
 *fill*         0x08001252        0x2 
 .text.DMA1_Channel4_IRQHandler
                0x08001254       0x14 ./Core/Src/stm32f3xx_it.o
                0x08001254                DMA1_Channel4_IRQHandler
 .text.DMA1_Channel5_IRQHandler
                0x08001268       0x14 ./Core/Src/stm32f3xx_it.o
                0x08001268                DMA1_Channel5_IRQHandler
 .text.USART1_IRQHandler
                0x0800127c       0x14 ./Core/Src/stm32f3xx_it.o
                0x0800127c                USART1_IRQHandler
 .text.SystemInit
                0x08001290       0x24 ./Core/Src/system_stm32f3xx.o
                0x08001290                SystemInit
 .text.UART_Callbacks_Init
                0x080012b4        0xe ./Core/Src/uart_callbacks.o
                0x080012b4                UART_Callbacks_Init
 *fill*         0x080012c2        0x2 
 .text.HAL_UARTEx_RxEventCallback
                0x080012c4       0x68 ./Core/Src/uart_callbacks.o
                0x080012c4                HAL_UARTEx_RxEventCallback
 .text.HAL_UART_ErrorCallback
                0x0800132c       0x44 ./Core/Src/uart_callbacks.o
                0x0800132c                HAL_UART_ErrorCallback
 .text.Reset_Handler
                0x08001370       0x50 ./Core/Startup/startup_stm32f303k8tx.o
                0x08001370                Reset_Handler
 .text.Default_Handler
                0x080013c0        0x2 ./Core/Startup/startup_stm32f303k8tx.o
                0x080013c0                RTC_Alarm_IRQHandler
                0x080013c0                TIM1_CC_IRQHandler
                0x080013c0                PVD_IRQHandler
                0x080013c0                TAMP_STAMP_IRQHandler
                0x080013c0                EXTI3_IRQHandler
                0x080013c0                EXTI0_IRQHandler
                0x080013c0                FPU_IRQHandler
                0x080013c0                CAN_TX_IRQHandler
                0x080013c0                TIM1_UP_TIM16_IRQHandler
                0x080013c0                ADC1_2_IRQHandler
                0x080013c0                SPI1_IRQHandler
                0x080013c0                CAN_SCE_IRQHandler
                0x080013c0                USART3_IRQHandler
                0x080013c0                DMA1_Channel7_IRQHandler
                0x080013c0                TIM7_DAC2_IRQHandler
                0x080013c0                CAN_RX1_IRQHandler
                0x080013c0                I2C1_EV_IRQHandler
                0x080013c0                DMA1_Channel6_IRQHandler
                0x080013c0                TIM3_IRQHandler
                0x080013c0                RCC_IRQHandler
                0x080013c0                DMA1_Channel1_IRQHandler
                0x080013c0                Default_Handler
                0x080013c0                EXTI15_10_IRQHandler
                0x080013c0                COMP2_IRQHandler
                0x080013c0                TIM6_DAC1_IRQHandler
                0x080013c0                EXTI9_5_IRQHandler
                0x080013c0                RTC_WKUP_IRQHandler
                0x080013c0                EXTI4_IRQHandler
                0x080013c0                TIM1_TRG_COM_TIM17_IRQHandler
                0x080013c0                DMA1_Channel3_IRQHandler
                0x080013c0                WWDG_IRQHandler
                0x080013c0                TIM2_IRQHandler
                0x080013c0                EXTI1_IRQHandler
                0x080013c0                COMP4_6_IRQHandler
                0x080013c0                USART2_IRQHandler
                0x080013c0                DMA1_Channel2_IRQHandler
                0x080013c0                FLASH_IRQHandler
                0x080013c0                CAN_RX0_IRQHandler
                0x080013c0                I2C1_ER_IRQHandler
                0x080013c0                EXTI2_TSC_IRQHandler
                0x080013c0                TIM1_BRK_TIM15_IRQHandler
 *fill*         0x080013c2        0x2 
 .text.HAL_Init
                0x080013c4       0x2c ./Drivers/STM32F3xx_HAL_Driver/Src/stm32f3xx_hal.o
                0x080013c4                HAL_Init
 .text.HAL_InitTick
                0x080013f0       0x60 ./Drivers/STM32F3xx_HAL_Driver/Src/stm32f3xx_hal.o
                0x080013f0                HAL_InitTick
 .text.HAL_IncTick
                0x08001450       0x28 ./Drivers/STM32F3xx_HAL_Driver/Src/stm32f3xx_hal.o
                0x08001450                HAL_IncTick
 .text.HAL_GetTick
                0x08001478       0x18 ./Drivers/STM32F3xx_HAL_Driver/Src/stm32f3xx_hal.o
                0x08001478                HAL_GetTick
 .text.HAL_Delay
                0x08001490       0x48 ./Drivers/STM32F3xx_HAL_Driver/Src/stm32f3xx_hal.o
                0x08001490                HAL_Delay
 .text.__NVIC_SetPriorityGrouping
                0x080014d8       0x48 ./Drivers/STM32F3xx_HAL_Driver/Src/stm32f3xx_hal_cortex.o
 .text.__NVIC_GetPriorityGrouping
                0x08001520       0x1c ./Drivers/STM32F3xx_HAL_Driver/Src/stm32f3xx_hal_cortex.o
 .text.__NVIC_EnableIRQ
                0x0800153c       0x3c ./Drivers/STM32F3xx_HAL_Driver/Src/stm32f3xx_hal_cortex.o
 .text.__NVIC_SetPriority
                0x08001578       0x54 ./Drivers/STM32F3xx_HAL_Driver/Src/stm32f3xx_hal_cortex.o
 .text.NVIC_EncodePriority
                0x080015cc       0x66 ./Drivers/STM32F3xx_HAL_Driver/Src/stm32f3xx_hal_cortex.o
 *fill*         0x08001632        0x2 
 .text.SysTick_Config
                0x08001634       0x44 ./Drivers/STM32F3xx_HAL_Driver/Src/stm32f3xx_hal_cortex.o
 .text.HAL_NVIC_SetPriorityGrouping
                0x08001678       0x16 ./Drivers/STM32F3xx_HAL_Driver/Src/stm32f3xx_hal_cortex.o
                0x08001678                HAL_NVIC_SetPriorityGrouping
 .text.HAL_NVIC_SetPriority
                0x0800168e       0x38 ./Drivers/STM32F3xx_HAL_Driver/Src/stm32f3xx_hal_cortex.o
                0x0800168e                HAL_NVIC_SetPriority
 .text.HAL_NVIC_EnableIRQ
                0x080016c6       0x1c ./Drivers/STM32F3xx_HAL_Driver/Src/stm32f3xx_hal_cortex.o
                0x080016c6                HAL_NVIC_EnableIRQ
 .text.HAL_SYSTICK_Config
                0x080016e2       0x18 ./Drivers/STM32F3xx_HAL_Driver/Src/stm32f3xx_hal_cortex.o
                0x080016e2                HAL_SYSTICK_Config
 .text.HAL_DMA_Init
                0x080016fa       0x8e ./Drivers/STM32F3xx_HAL_Driver/Src/stm32f3xx_hal_dma.o
                0x080016fa                HAL_DMA_Init
 .text.HAL_DMA_Start_IT
                0x08001788       0xbe ./Drivers/STM32F3xx_HAL_Driver/Src/stm32f3xx_hal_dma.o
                0x08001788                HAL_DMA_Start_IT
 .text.HAL_DMA_Abort
                0x08001846       0x7c ./Drivers/STM32F3xx_HAL_Driver/Src/stm32f3xx_hal_dma.o
                0x08001846                HAL_DMA_Abort
 .text.HAL_DMA_Abort_IT
                0x080018c2       0x7c ./Drivers/STM32F3xx_HAL_Driver/Src/stm32f3xx_hal_dma.o
                0x080018c2                HAL_DMA_Abort_IT
 .text.HAL_DMA_IRQHandler
                0x0800193e      0x146 ./Drivers/STM32F3xx_HAL_Driver/Src/stm32f3xx_hal_dma.o
                0x0800193e                HAL_DMA_IRQHandler
 .text.DMA_SetConfig
                0x08001a84       0x5c ./Drivers/STM32F3xx_HAL_Driver/Src/stm32f3xx_hal_dma.o
 .text.DMA_CalcBaseAndBitshift
                0x08001ae0       0x40 ./Drivers/STM32F3xx_HAL_Driver/Src/stm32f3xx_hal_dma.o
 .text.HAL_GPIO_Init
                0x08001b20      0x2e4 ./Drivers/STM32F3xx_HAL_Driver/Src/stm32f3xx_hal_gpio.o
                0x08001b20                HAL_GPIO_Init
 .text.HAL_GPIO_WritePin
                0x08001e04       0x30 ./Drivers/STM32F3xx_HAL_Driver/Src/stm32f3xx_hal_gpio.o
                0x08001e04                HAL_GPIO_WritePin
 .text.HAL_RCC_OscConfig
                0x08001e34     0x101c ./Drivers/STM32F3xx_HAL_Driver/Src/stm32f3xx_hal_rcc.o
                0x08001e34                HAL_RCC_OscConfig
 .text.HAL_RCC_ClockConfig
                0x08002e50      0x2dc ./Drivers/STM32F3xx_HAL_Driver/Src/stm32f3xx_hal_rcc.o
                0x08002e50                HAL_RCC_ClockConfig
 .text.HAL_RCC_GetSysClockFreq
                0x0800312c       0xa8 ./Drivers/STM32F3xx_HAL_Driver/Src/stm32f3xx_hal_rcc.o
                0x0800312c                HAL_RCC_GetSysClockFreq
 .text.HAL_RCC_GetHCLKFreq
                0x080031d4       0x18 ./Drivers/STM32F3xx_HAL_Driver/Src/stm32f3xx_hal_rcc.o
                0x080031d4                HAL_RCC_GetHCLKFreq
 .text.HAL_RCC_GetPCLK1Freq
                0x080031ec       0x44 ./Drivers/STM32F3xx_HAL_Driver/Src/stm32f3xx_hal_rcc.o
                0x080031ec                HAL_RCC_GetPCLK1Freq
 .text.HAL_RCC_GetPCLK2Freq
                0x08003230       0x44 ./Drivers/STM32F3xx_HAL_Driver/Src/stm32f3xx_hal_rcc.o
                0x08003230                HAL_RCC_GetPCLK2Freq
 .text.HAL_RCCEx_PeriphCLKConfig
                0x08003274      0x248 ./Drivers/STM32F3xx_HAL_Driver/Src/stm32f3xx_hal_rcc_ex.o
                0x08003274                HAL_RCCEx_PeriphCLKConfig
 .text.HAL_UART_Transmit
                0x080034bc      0x112 ./Drivers/STM32F3xx_HAL_Driver/Src/stm32f3xx_hal_uart.o
                0x080034bc                HAL_UART_Transmit
 *fill*         0x080035ce        0x2 
 .text.HAL_UART_IRQHandler
                0x080035d0      0x5cc ./Drivers/STM32F3xx_HAL_Driver/Src/stm32f3xx_hal_uart.o
                0x080035d0                HAL_UART_IRQHandler
 .text.HAL_UART_TxCpltCallback
                0x08003b9c       0x14 ./Drivers/STM32F3xx_HAL_Driver/Src/stm32f3xx_hal_uart.o
                0x08003b9c                HAL_UART_TxCpltCallback
 .text.HAL_UART_RxCpltCallback
                0x08003bb0       0x14 ./Drivers/STM32F3xx_HAL_Driver/Src/stm32f3xx_hal_uart.o
                0x08003bb0                HAL_UART_RxCpltCallback
 .text.HAL_UART_RxHalfCpltCallback
                0x08003bc4       0x14 ./Drivers/STM32F3xx_HAL_Driver/Src/stm32f3xx_hal_uart.o
                0x08003bc4                HAL_UART_RxHalfCpltCallback
 .text.UART_SetConfig
                0x08003bd8      0x26c ./Drivers/STM32F3xx_HAL_Driver/Src/stm32f3xx_hal_uart.o
                0x08003bd8                UART_SetConfig
 .text.UART_AdvFeatureConfig
                0x08003e44      0x144 ./Drivers/STM32F3xx_HAL_Driver/Src/stm32f3xx_hal_uart.o
                0x08003e44                UART_AdvFeatureConfig
 .text.UART_CheckIdleState
                0x08003f88      0x150 ./Drivers/STM32F3xx_HAL_Driver/Src/stm32f3xx_hal_uart.o
                0x08003f88                UART_CheckIdleState
 .text.UART_WaitOnFlagUntilTimeout
                0x080040d8       0xda ./Drivers/STM32F3xx_HAL_Driver/Src/stm32f3xx_hal_uart.o
                0x080040d8                UART_WaitOnFlagUntilTimeout
 *fill*         0x080041b2        0x2 
 .text.UART_Start_Receive_DMA
                0x080041b4      0x140 ./Drivers/STM32F3xx_HAL_Driver/Src/stm32f3xx_hal_uart.o
                0x080041b4                UART_Start_Receive_DMA
 .text.UART_EndTxTransfer
                0x080042f4       0x4c ./Drivers/STM32F3xx_HAL_Driver/Src/stm32f3xx_hal_uart.o
 .text.UART_EndRxTransfer
                0x08004340       0xc8 ./Drivers/STM32F3xx_HAL_Driver/Src/stm32f3xx_hal_uart.o
 .text.UART_DMAReceiveCplt
                0x08004408      0x126 ./Drivers/STM32F3xx_HAL_Driver/Src/stm32f3xx_hal_uart.o
 .text.UART_DMARxHalfCplt
                0x0800452e       0x3e ./Drivers/STM32F3xx_HAL_Driver/Src/stm32f3xx_hal_uart.o
 .text.UART_DMAError
                0x0800456c       0x7e ./Drivers/STM32F3xx_HAL_Driver/Src/stm32f3xx_hal_uart.o
 .text.UART_DMAAbortOnError
                0x080045ea       0x2c ./Drivers/STM32F3xx_HAL_Driver/Src/stm32f3xx_hal_uart.o
 .text.UART_EndTransmit_IT
                0x08004616       0x54 ./Drivers/STM32F3xx_HAL_Driver/Src/stm32f3xx_hal_uart.o
 .text.HAL_RS485Ex_Init
                0x0800466a       0xce ./Drivers/STM32F3xx_HAL_Driver/Src/stm32f3xx_hal_uart_ex.o
                0x0800466a                HAL_RS485Ex_Init
 .text.HAL_UARTEx_WakeupCallback
                0x08004738       0x14 ./Drivers/STM32F3xx_HAL_Driver/Src/stm32f3xx_hal_uart_ex.o
                0x08004738                HAL_UARTEx_WakeupCallback
 .text.HAL_UARTEx_ReceiveToIdle_DMA
                0x0800474c       0xa8 ./Drivers/STM32F3xx_HAL_Driver/Src/stm32f3xx_hal_uart_ex.o
                0x0800474c                HAL_UARTEx_ReceiveToIdle_DMA
 .text.std      0x080047f4       0x6c C:/ST/STM32CubeIDE_1.16.0/STM32CubeIDE/plugins/com.st.stm32cube.ide.mcu.externaltools.gnu-tools-for-stm32.13.3.rel1.win32_1.0.0.202411081344/tools/bin/../lib/gcc/arm-none-eabi/13.3.1/../../../../arm-none-eabi/lib/thumb/v7e-m+fp/hard\libc_nano.a(libc_a-findfp.o)
 .text.stdio_exit_handler
                0x08004860       0x18 C:/ST/STM32CubeIDE_1.16.0/STM32CubeIDE/plugins/com.st.stm32cube.ide.mcu.externaltools.gnu-tools-for-stm32.13.3.rel1.win32_1.0.0.202411081344/tools/bin/../lib/gcc/arm-none-eabi/13.3.1/../../../../arm-none-eabi/lib/thumb/v7e-m+fp/hard\libc_nano.a(libc_a-findfp.o)
 .text.cleanup_stdio
                0x08004878       0x40 C:/ST/STM32CubeIDE_1.16.0/STM32CubeIDE/plugins/com.st.stm32cube.ide.mcu.externaltools.gnu-tools-for-stm32.13.3.rel1.win32_1.0.0.202411081344/tools/bin/../lib/gcc/arm-none-eabi/13.3.1/../../../../arm-none-eabi/lib/thumb/v7e-m+fp/hard\libc_nano.a(libc_a-findfp.o)
 .text.global_stdio_init.part.0
                0x080048b8       0x3c C:/ST/STM32CubeIDE_1.16.0/STM32CubeIDE/plugins/com.st.stm32cube.ide.mcu.externaltools.gnu-tools-for-stm32.13.3.rel1.win32_1.0.0.202411081344/tools/bin/../lib/gcc/arm-none-eabi/13.3.1/../../../../arm-none-eabi/lib/thumb/v7e-m+fp/hard\libc_nano.a(libc_a-findfp.o)
 .text.__sfp_lock_acquire
                0x080048f4        0xc C:/ST/STM32CubeIDE_1.16.0/STM32CubeIDE/plugins/com.st.stm32cube.ide.mcu.externaltools.gnu-tools-for-stm32.13.3.rel1.win32_1.0.0.202411081344/tools/bin/../lib/gcc/arm-none-eabi/13.3.1/../../../../arm-none-eabi/lib/thumb/v7e-m+fp/hard\libc_nano.a(libc_a-findfp.o)
                0x080048f4                __sfp_lock_acquire
 .text.__sfp_lock_release
                0x08004900        0xc C:/ST/STM32CubeIDE_1.16.0/STM32CubeIDE/plugins/com.st.stm32cube.ide.mcu.externaltools.gnu-tools-for-stm32.13.3.rel1.win32_1.0.0.202411081344/tools/bin/../lib/gcc/arm-none-eabi/13.3.1/../../../../arm-none-eabi/lib/thumb/v7e-m+fp/hard\libc_nano.a(libc_a-findfp.o)
                0x08004900                __sfp_lock_release
 .text.__sinit  0x0800490c       0x30 C:/ST/STM32CubeIDE_1.16.0/STM32CubeIDE/plugins/com.st.stm32cube.ide.mcu.externaltools.gnu-tools-for-stm32.13.3.rel1.win32_1.0.0.202411081344/tools/bin/../lib/gcc/arm-none-eabi/13.3.1/../../../../arm-none-eabi/lib/thumb/v7e-m+fp/hard\libc_nano.a(libc_a-findfp.o)
                0x0800490c                __sinit
 .text._fwalk_sglue
                0x0800493c       0x3c C:/ST/STM32CubeIDE_1.16.0/STM32CubeIDE/plugins/com.st.stm32cube.ide.mcu.externaltools.gnu-tools-for-stm32.13.3.rel1.win32_1.0.0.202411081344/tools/bin/../lib/gcc/arm-none-eabi/13.3.1/../../../../arm-none-eabi/lib/thumb/v7e-m+fp/hard\libc_nano.a(libc_a-fwalk.o)
                0x0800493c                _fwalk_sglue
 .text.__sread  0x08004978       0x22 C:/ST/STM32CubeIDE_1.16.0/STM32CubeIDE/plugins/com.st.stm32cube.ide.mcu.externaltools.gnu-tools-for-stm32.13.3.rel1.win32_1.0.0.202411081344/tools/bin/../lib/gcc/arm-none-eabi/13.3.1/../../../../arm-none-eabi/lib/thumb/v7e-m+fp/hard\libc_nano.a(libc_a-stdio.o)
                0x08004978                __sread
 .text.__swrite
                0x0800499a       0x38 C:/ST/STM32CubeIDE_1.16.0/STM32CubeIDE/plugins/com.st.stm32cube.ide.mcu.externaltools.gnu-tools-for-stm32.13.3.rel1.win32_1.0.0.202411081344/tools/bin/../lib/gcc/arm-none-eabi/13.3.1/../../../../arm-none-eabi/lib/thumb/v7e-m+fp/hard\libc_nano.a(libc_a-stdio.o)
                0x0800499a                __swrite
 .text.__sseek  0x080049d2       0x24 C:/ST/STM32CubeIDE_1.16.0/STM32CubeIDE/plugins/com.st.stm32cube.ide.mcu.externaltools.gnu-tools-for-stm32.13.3.rel1.win32_1.0.0.202411081344/tools/bin/../lib/gcc/arm-none-eabi/13.3.1/../../../../arm-none-eabi/lib/thumb/v7e-m+fp/hard\libc_nano.a(libc_a-stdio.o)
                0x080049d2                __sseek
 .text.__sclose
                0x080049f6        0x8 C:/ST/STM32CubeIDE_1.16.0/STM32CubeIDE/plugins/com.st.stm32cube.ide.mcu.externaltools.gnu-tools-for-stm32.13.3.rel1.win32_1.0.0.202411081344/tools/bin/../lib/gcc/arm-none-eabi/13.3.1/../../../../arm-none-eabi/lib/thumb/v7e-m+fp/hard\libc_nano.a(libc_a-stdio.o)
                0x080049f6                __sclose
 .text.memset   0x080049fe       0x10 C:/ST/STM32CubeIDE_1.16.0/STM32CubeIDE/plugins/com.st.stm32cube.ide.mcu.externaltools.gnu-tools-for-stm32.13.3.rel1.win32_1.0.0.202411081344/tools/bin/../lib/gcc/arm-none-eabi/13.3.1/../../../../arm-none-eabi/lib/thumb/v7e-m+fp/hard\libc_nano.a(libc_a-memset.o)
                0x080049fe                memset
 *fill*         0x08004a0e        0x2 
 .text._close_r
                0x08004a10       0x20 C:/ST/STM32CubeIDE_1.16.0/STM32CubeIDE/plugins/com.st.stm32cube.ide.mcu.externaltools.gnu-tools-for-stm32.13.3.rel1.win32_1.0.0.202411081344/tools/bin/../lib/gcc/arm-none-eabi/13.3.1/../../../../arm-none-eabi/lib/thumb/v7e-m+fp/hard\libc_nano.a(libc_a-closer.o)
                0x08004a10                _close_r
 .text._lseek_r
                0x08004a30       0x24 C:/ST/STM32CubeIDE_1.16.0/STM32CubeIDE/plugins/com.st.stm32cube.ide.mcu.externaltools.gnu-tools-for-stm32.13.3.rel1.win32_1.0.0.202411081344/tools/bin/../lib/gcc/arm-none-eabi/13.3.1/../../../../arm-none-eabi/lib/thumb/v7e-m+fp/hard\libc_nano.a(libc_a-lseekr.o)
                0x08004a30                _lseek_r
 .text._read_r  0x08004a54       0x24 C:/ST/STM32CubeIDE_1.16.0/STM32CubeIDE/plugins/com.st.stm32cube.ide.mcu.externaltools.gnu-tools-for-stm32.13.3.rel1.win32_1.0.0.202411081344/tools/bin/../lib/gcc/arm-none-eabi/13.3.1/../../../../arm-none-eabi/lib/thumb/v7e-m+fp/hard\libc_nano.a(libc_a-readr.o)
                0x08004a54                _read_r
 .text._write_r
                0x08004a78       0x24 C:/ST/STM32CubeIDE_1.16.0/STM32CubeIDE/plugins/com.st.stm32cube.ide.mcu.externaltools.gnu-tools-for-stm32.13.3.rel1.win32_1.0.0.202411081344/tools/bin/../lib/gcc/arm-none-eabi/13.3.1/../../../../arm-none-eabi/lib/thumb/v7e-m+fp/hard\libc_nano.a(libc_a-writer.o)
                0x08004a78                _write_r
 .text.__errno  0x08004a9c        0xc C:/ST/STM32CubeIDE_1.16.0/STM32CubeIDE/plugins/com.st.stm32cube.ide.mcu.externaltools.gnu-tools-for-stm32.13.3.rel1.win32_1.0.0.202411081344/tools/bin/../lib/gcc/arm-none-eabi/13.3.1/../../../../arm-none-eabi/lib/thumb/v7e-m+fp/hard\libc_nano.a(libc_a-errno.o)
                0x08004a9c                __errno
 .text.__libc_init_array
                0x08004aa8       0x48 C:/ST/STM32CubeIDE_1.16.0/STM32CubeIDE/plugins/com.st.stm32cube.ide.mcu.externaltools.gnu-tools-for-stm32.13.3.rel1.win32_1.0.0.202411081344/tools/bin/../lib/gcc/arm-none-eabi/13.3.1/../../../../arm-none-eabi/lib/thumb/v7e-m+fp/hard\libc_nano.a(libc_a-init.o)
                0x08004aa8                __libc_init_array
 .text.__retarget_lock_init_recursive
                0x08004af0        0x2 C:/ST/STM32CubeIDE_1.16.0/STM32CubeIDE/plugins/com.st.stm32cube.ide.mcu.externaltools.gnu-tools-for-stm32.13.3.rel1.win32_1.0.0.202411081344/tools/bin/../lib/gcc/arm-none-eabi/13.3.1/../../../../arm-none-eabi/lib/thumb/v7e-m+fp/hard\libc_nano.a(libc_a-lock.o)
                0x08004af0                __retarget_lock_init_recursive
 .text.__retarget_lock_acquire_recursive
                0x08004af2        0x2 C:/ST/STM32CubeIDE_1.16.0/STM32CubeIDE/plugins/com.st.stm32cube.ide.mcu.externaltools.gnu-tools-for-stm32.13.3.rel1.win32_1.0.0.202411081344/tools/bin/../lib/gcc/arm-none-eabi/13.3.1/../../../../arm-none-eabi/lib/thumb/v7e-m+fp/hard\libc_nano.a(libc_a-lock.o)
                0x08004af2                __retarget_lock_acquire_recursive
 .text.__retarget_lock_release_recursive
                0x08004af4        0x2 C:/ST/STM32CubeIDE_1.16.0/STM32CubeIDE/plugins/com.st.stm32cube.ide.mcu.externaltools.gnu-tools-for-stm32.13.3.rel1.win32_1.0.0.202411081344/tools/bin/../lib/gcc/arm-none-eabi/13.3.1/../../../../arm-none-eabi/lib/thumb/v7e-m+fp/hard\libc_nano.a(libc_a-lock.o)
                0x08004af4                __retarget_lock_release_recursive
 .text.memcpy   0x08004af6       0x1c C:/ST/STM32CubeIDE_1.16.0/STM32CubeIDE/plugins/com.st.stm32cube.ide.mcu.externaltools.gnu-tools-for-stm32.13.3.rel1.win32_1.0.0.202411081344/tools/bin/../lib/gcc/arm-none-eabi/13.3.1/../../../../arm-none-eabi/lib/thumb/v7e-m+fp/hard\libc_nano.a(libc_a-memcpy-stub.o)
                0x08004af6                memcpy
 *fill*         0x08004b12        0x2 
 .text._free_r  0x08004b14       0x94 C:/ST/STM32CubeIDE_1.16.0/STM32CubeIDE/plugins/com.st.stm32cube.ide.mcu.externaltools.gnu-tools-for-stm32.13.3.rel1.win32_1.0.0.202411081344/tools/bin/../lib/gcc/arm-none-eabi/13.3.1/../../../../arm-none-eabi/lib/thumb/v7e-m+fp/hard\libc_nano.a(libc_a-freer.o)
                0x08004b14                _free_r
 .text.__malloc_lock
                0x08004ba8        0xc C:/ST/STM32CubeIDE_1.16.0/STM32CubeIDE/plugins/com.st.stm32cube.ide.mcu.externaltools.gnu-tools-for-stm32.13.3.rel1.win32_1.0.0.202411081344/tools/bin/../lib/gcc/arm-none-eabi/13.3.1/../../../../arm-none-eabi/lib/thumb/v7e-m+fp/hard\libc_nano.a(libc_a-mlock.o)
                0x08004ba8                __malloc_lock
 .text.__malloc_unlock
                0x08004bb4        0xc C:/ST/STM32CubeIDE_1.16.0/STM32CubeIDE/plugins/com.st.stm32cube.ide.mcu.externaltools.gnu-tools-for-stm32.13.3.rel1.win32_1.0.0.202411081344/tools/bin/../lib/gcc/arm-none-eabi/13.3.1/../../../../arm-none-eabi/lib/thumb/v7e-m+fp/hard\libc_nano.a(libc_a-mlock.o)
                0x08004bb4                __malloc_unlock
 .text.__sflush_r
                0x08004bc0      0x108 C:/ST/STM32CubeIDE_1.16.0/STM32CubeIDE/plugins/com.st.stm32cube.ide.mcu.externaltools.gnu-tools-for-stm32.13.3.rel1.win32_1.0.0.202411081344/tools/bin/../lib/gcc/arm-none-eabi/13.3.1/../../../../arm-none-eabi/lib/thumb/v7e-m+fp/hard\libc_nano.a(libc_a-fflush.o)
                0x08004bc0                __sflush_r
 .text._fflush_r
                0x08004cc8       0x50 C:/ST/STM32CubeIDE_1.16.0/STM32CubeIDE/plugins/com.st.stm32cube.ide.mcu.externaltools.gnu-tools-for-stm32.13.3.rel1.win32_1.0.0.202411081344/tools/bin/../lib/gcc/arm-none-eabi/13.3.1/../../../../arm-none-eabi/lib/thumb/v7e-m+fp/hard\libc_nano.a(libc_a-fflush.o)
                0x08004cc8                _fflush_r
 .text.findslot
                0x08004d18       0x34 C:/ST/STM32CubeIDE_1.16.0/STM32CubeIDE/plugins/com.st.stm32cube.ide.mcu.externaltools.gnu-tools-for-stm32.13.3.rel1.win32_1.0.0.202411081344/tools/bin/../lib/gcc/arm-none-eabi/13.3.1/../../../../arm-none-eabi/lib/thumb/v7e-m+fp/hard\librdimon_nano.a(arm_librdimon_a-syscalls.o)
 .text.error    0x08004d4c       0x1c C:/ST/STM32CubeIDE_1.16.0/STM32CubeIDE/plugins/com.st.stm32cube.ide.mcu.externaltools.gnu-tools-for-stm32.13.3.rel1.win32_1.0.0.202411081344/tools/bin/../lib/gcc/arm-none-eabi/13.3.1/../../../../arm-none-eabi/lib/thumb/v7e-m+fp/hard\librdimon_nano.a(arm_librdimon_a-syscalls.o)
 .text.checkerror
                0x08004d68        0xa C:/ST/STM32CubeIDE_1.16.0/STM32CubeIDE/plugins/com.st.stm32cube.ide.mcu.externaltools.gnu-tools-for-stm32.13.3.rel1.win32_1.0.0.202411081344/tools/bin/../lib/gcc/arm-none-eabi/13.3.1/../../../../arm-none-eabi/lib/thumb/v7e-m+fp/hard\librdimon_nano.a(arm_librdimon_a-syscalls.o)
 .text._swiread
                0x08004d72       0x20 C:/ST/STM32CubeIDE_1.16.0/STM32CubeIDE/plugins/com.st.stm32cube.ide.mcu.externaltools.gnu-tools-for-stm32.13.3.rel1.win32_1.0.0.202411081344/tools/bin/../lib/gcc/arm-none-eabi/13.3.1/../../../../arm-none-eabi/lib/thumb/v7e-m+fp/hard\librdimon_nano.a(arm_librdimon_a-syscalls.o)
                0x08004d72                _swiread
 .text._read    0x08004d92       0x34 C:/ST/STM32CubeIDE_1.16.0/STM32CubeIDE/plugins/com.st.stm32cube.ide.mcu.externaltools.gnu-tools-for-stm32.13.3.rel1.win32_1.0.0.202411081344/tools/bin/../lib/gcc/arm-none-eabi/13.3.1/../../../../arm-none-eabi/lib/thumb/v7e-m+fp/hard\librdimon_nano.a(arm_librdimon_a-syscalls.o)
                0x08004d92                _read
 .text._swilseek
                0x08004dc6       0x78 C:/ST/STM32CubeIDE_1.16.0/STM32CubeIDE/plugins/com.st.stm32cube.ide.mcu.externaltools.gnu-tools-for-stm32.13.3.rel1.win32_1.0.0.202411081344/tools/bin/../lib/gcc/arm-none-eabi/13.3.1/../../../../arm-none-eabi/lib/thumb/v7e-m+fp/hard\librdimon_nano.a(arm_librdimon_a-syscalls.o)
                0x08004dc6                _swilseek
 .text._lseek   0x08004e3e        0x4 C:/ST/STM32CubeIDE_1.16.0/STM32CubeIDE/plugins/com.st.stm32cube.ide.mcu.externaltools.gnu-tools-for-stm32.13.3.rel1.win32_1.0.0.202411081344/tools/bin/../lib/gcc/arm-none-eabi/13.3.1/../../../../arm-none-eabi/lib/thumb/v7e-m+fp/hard\librdimon_nano.a(arm_librdimon_a-syscalls.o)
                0x08004e3e                _lseek
 .text._swiwrite
                0x08004e42       0x20 C:/ST/STM32CubeIDE_1.16.0/STM32CubeIDE/plugins/com.st.stm32cube.ide.mcu.externaltools.gnu-tools-for-stm32.13.3.rel1.win32_1.0.0.202411081344/tools/bin/../lib/gcc/arm-none-eabi/13.3.1/../../../../arm-none-eabi/lib/thumb/v7e-m+fp/hard\librdimon_nano.a(arm_librdimon_a-syscalls.o)
                0x08004e42                _swiwrite
 .text._write   0x08004e62       0x40 C:/ST/STM32CubeIDE_1.16.0/STM32CubeIDE/plugins/com.st.stm32cube.ide.mcu.externaltools.gnu-tools-for-stm32.13.3.rel1.win32_1.0.0.202411081344/tools/bin/../lib/gcc/arm-none-eabi/13.3.1/../../../../arm-none-eabi/lib/thumb/v7e-m+fp/hard\librdimon_nano.a(arm_librdimon_a-syscalls.o)
                0x08004e62                _write
 .text._swiclose
                0x08004ea2       0x1a C:/ST/STM32CubeIDE_1.16.0/STM32CubeIDE/plugins/com.st.stm32cube.ide.mcu.externaltools.gnu-tools-for-stm32.13.3.rel1.win32_1.0.0.202411081344/tools/bin/../lib/gcc/arm-none-eabi/13.3.1/../../../../arm-none-eabi/lib/thumb/v7e-m+fp/hard\librdimon_nano.a(arm_librdimon_a-syscalls.o)
                0x08004ea2                _swiclose
 .text._close   0x08004ebc       0x4c C:/ST/STM32CubeIDE_1.16.0/STM32CubeIDE/plugins/com.st.stm32cube.ide.mcu.externaltools.gnu-tools-for-stm32.13.3.rel1.win32_1.0.0.202411081344/tools/bin/../lib/gcc/arm-none-eabi/13.3.1/../../../../arm-none-eabi/lib/thumb/v7e-m+fp/hard\librdimon_nano.a(arm_librdimon_a-syscalls.o)
                0x08004ebc                _close
 .text._swistat
                0x08004f08       0x42 C:/ST/STM32CubeIDE_1.16.0/STM32CubeIDE/plugins/com.st.stm32cube.ide.mcu.externaltools.gnu-tools-for-stm32.13.3.rel1.win32_1.0.0.202411081344/tools/bin/../lib/gcc/arm-none-eabi/13.3.1/../../../../arm-none-eabi/lib/thumb/v7e-m+fp/hard\librdimon_nano.a(arm_librdimon_a-syscalls.o)
                0x08004f08                _swistat
 .text._stat    0x08004f4a       0x3a C:/ST/STM32CubeIDE_1.16.0/STM32CubeIDE/plugins/com.st.stm32cube.ide.mcu.externaltools.gnu-tools-for-stm32.13.3.rel1.win32_1.0.0.202411081344/tools/bin/../lib/gcc/arm-none-eabi/13.3.1/../../../../arm-none-eabi/lib/thumb/v7e-m+fp/hard\librdimon_nano.a(arm_librdimon_a-syscalls.o)
                0x08004f4a                _stat
 .text._swiopen
                0x08004f84       0xb4 C:/ST/STM32CubeIDE_1.16.0/STM32CubeIDE/plugins/com.st.stm32cube.ide.mcu.externaltools.gnu-tools-for-stm32.13.3.rel1.win32_1.0.0.202411081344/tools/bin/../lib/gcc/arm-none-eabi/13.3.1/../../../../arm-none-eabi/lib/thumb/v7e-m+fp/hard\librdimon_nano.a(arm_librdimon_a-syscalls.o)
                0x08004f84                _swiopen
 .text._get_semihosting_exts
                0x08005038       0xb4 C:/ST/STM32CubeIDE_1.16.0/STM32CubeIDE/plugins/com.st.stm32cube.ide.mcu.externaltools.gnu-tools-for-stm32.13.3.rel1.win32_1.0.0.202411081344/tools/bin/../lib/gcc/arm-none-eabi/13.3.1/../../../../arm-none-eabi/lib/thumb/v7e-m+fp/hard\librdimon_nano.a(arm_librdimon_a-syscalls.o)
                0x08005038                _get_semihosting_exts
 .text.initialise_semihosting_exts
                0x080050ec       0x34 C:/ST/STM32CubeIDE_1.16.0/STM32CubeIDE/plugins/com.st.stm32cube.ide.mcu.externaltools.gnu-tools-for-stm32.13.3.rel1.win32_1.0.0.202411081344/tools/bin/../lib/gcc/arm-none-eabi/13.3.1/../../../../arm-none-eabi/lib/thumb/v7e-m+fp/hard\librdimon_nano.a(arm_librdimon_a-syscalls.o)
 .text._has_ext_stdout_stderr
                0x08005120       0x18 C:/ST/STM32CubeIDE_1.16.0/STM32CubeIDE/plugins/com.st.stm32cube.ide.mcu.externaltools.gnu-tools-for-stm32.13.3.rel1.win32_1.0.0.202411081344/tools/bin/../lib/gcc/arm-none-eabi/13.3.1/../../../../arm-none-eabi/lib/thumb/v7e-m+fp/hard\librdimon_nano.a(arm_librdimon_a-syscalls.o)
                0x08005120                _has_ext_stdout_stderr
 .text.initialise_monitor_handles
                0x08005138       0xc0 C:/ST/STM32CubeIDE_1.16.0/STM32CubeIDE/plugins/com.st.stm32cube.ide.mcu.externaltools.gnu-tools-for-stm32.13.3.rel1.win32_1.0.0.202411081344/tools/bin/../lib/gcc/arm-none-eabi/13.3.1/../../../../arm-none-eabi/lib/thumb/v7e-m+fp/hard\librdimon_nano.a(arm_librdimon_a-syscalls.o)
                0x08005138                initialise_monitor_handles
 *(.glue_7)
 .glue_7        0x080051f8        0x0 linker stubs
 *(.glue_7t)
 .glue_7t       0x080051f8        0x0 linker stubs
 *(.eh_frame)
 .eh_frame      0x080051f8        0x0 C:/ST/STM32CubeIDE_1.16.0/STM32CubeIDE/plugins/com.st.stm32cube.ide.mcu.externaltools.gnu-tools-for-stm32.13.3.rel1.win32_1.0.0.202411081344/tools/bin/../lib/gcc/arm-none-eabi/13.3.1/thumb/v7e-m+fp/hard/crtbegin.o
 *(.init)
 .init          0x080051f8        0x4 C:/ST/STM32CubeIDE_1.16.0/STM32CubeIDE/plugins/com.st.stm32cube.ide.mcu.externaltools.gnu-tools-for-stm32.13.3.rel1.win32_1.0.0.202411081344/tools/bin/../lib/gcc/arm-none-eabi/13.3.1/thumb/v7e-m+fp/hard/crti.o
                0x080051f8                _init
 .init          0x080051fc        0x8 C:/ST/STM32CubeIDE_1.16.0/STM32CubeIDE/plugins/com.st.stm32cube.ide.mcu.externaltools.gnu-tools-for-stm32.13.3.rel1.win32_1.0.0.202411081344/tools/bin/../lib/gcc/arm-none-eabi/13.3.1/thumb/v7e-m+fp/hard/crtn.o
 *(.fini)
 .fini          0x08005204        0x4 C:/ST/STM32CubeIDE_1.16.0/STM32CubeIDE/plugins/com.st.stm32cube.ide.mcu.externaltools.gnu-tools-for-stm32.13.3.rel1.win32_1.0.0.202411081344/tools/bin/../lib/gcc/arm-none-eabi/13.3.1/thumb/v7e-m+fp/hard/crti.o
                0x08005204                _fini
 .fini          0x08005208        0x8 C:/ST/STM32CubeIDE_1.16.0/STM32CubeIDE/plugins/com.st.stm32cube.ide.mcu.externaltools.gnu-tools-for-stm32.13.3.rel1.win32_1.0.0.202411081344/tools/bin/../lib/gcc/arm-none-eabi/13.3.1/thumb/v7e-m+fp/hard/crtn.o
                0x08005210                        . = ALIGN (0x4)
                0x08005210                        _etext = .

.vfp11_veneer   0x08005210        0x0
 .vfp11_veneer  0x08005210        0x0 linker stubs

.v4_bx          0x08005210        0x0
 .v4_bx         0x08005210        0x0 linker stubs

.iplt           0x08005210        0x0
 .iplt          0x08005210        0x0 C:/ST/STM32CubeIDE_1.16.0/STM32CubeIDE/plugins/com.st.stm32cube.ide.mcu.externaltools.gnu-tools-for-stm32.13.3.rel1.win32_1.0.0.202411081344/tools/bin/../lib/gcc/arm-none-eabi/13.3.1/thumb/v7e-m+fp/hard/crtbegin.o

.rodata         0x08005210      0x254
                0x08005210                        . = ALIGN (0x4)
 *(.rodata)
 *(.rodata*)
 .rodata.aucCRCHi
                0x08005210      0x100 ./Core/Src/mbutils.o
 .rodata.aucCRCLo
                0x08005310      0x100 ./Core/Src/mbutils.o
 .rodata.AHBPrescTable
                0x08005410       0x10 ./Core/Src/system_stm32f3xx.o
                0x08005410                AHBPrescTable
 .rodata.APBPrescTable
                0x08005420        0x8 ./Core/Src/system_stm32f3xx.o
                0x08005420                APBPrescTable
 .rodata.aPLLMULFactorTable
                0x08005428       0x10 ./Drivers/STM32F3xx_HAL_Driver/Src/stm32f3xx_hal_rcc.o
 .rodata.aPredivFactorTable
                0x08005438       0x10 ./Drivers/STM32F3xx_HAL_Driver/Src/stm32f3xx_hal_rcc.o
 .rodata._get_semihosting_exts.str1.1
                0x08005448       0x1a C:/ST/STM32CubeIDE_1.16.0/STM32CubeIDE/plugins/com.st.stm32cube.ide.mcu.externaltools.gnu-tools-for-stm32.13.3.rel1.win32_1.0.0.202411081344/tools/bin/../lib/gcc/arm-none-eabi/13.3.1/../../../../arm-none-eabi/lib/thumb/v7e-m+fp/hard\librdimon_nano.a(arm_librdimon_a-syscalls.o)
                                 0x16 (size before relaxing)
 .rodata.initialise_monitor_handles.str1.1
                0x08005462        0x4 C:/ST/STM32CubeIDE_1.16.0/STM32CubeIDE/plugins/com.st.stm32cube.ide.mcu.externaltools.gnu-tools-for-stm32.13.3.rel1.win32_1.0.0.202411081344/tools/bin/../lib/gcc/arm-none-eabi/13.3.1/../../../../arm-none-eabi/lib/thumb/v7e-m+fp/hard\librdimon_nano.a(arm_librdimon_a-syscalls.o)
                0x08005468                        . = ALIGN (0x4)
 *fill*         0x08005462        0x2 

.ARM.extab      0x08005464        0x0
                0x08005464                        . = ALIGN (0x4)
 *(.ARM.extab* .gnu.linkonce.armextab.*)
                0x08005464                        . = ALIGN (0x4)

.ARM            0x08005464        0x8
                0x08005464                        . = ALIGN (0x4)
                0x08005464                        __exidx_start = .
 *(.ARM.exidx*)
 .ARM.exidx     0x08005464        0x8 C:/ST/STM32CubeIDE_1.16.0/STM32CubeIDE/plugins/com.st.stm32cube.ide.mcu.externaltools.gnu-tools-for-stm32.13.3.rel1.win32_1.0.0.202411081344/tools/bin/../lib/gcc/arm-none-eabi/13.3.1/../../../../arm-none-eabi/lib/thumb/v7e-m+fp/hard\libc_nano.a(libc_a-strlen.o)
                0x0800546c                        __exidx_end = .
                0x0800546c                        . = ALIGN (0x4)

.preinit_array  0x0800546c        0x0
                0x0800546c                        . = ALIGN (0x4)
                0x0800546c                        PROVIDE (__preinit_array_start = .)
 *(.preinit_array*)
                0x0800546c                        PROVIDE (__preinit_array_end = .)
                0x0800546c                        . = ALIGN (0x4)

.init_array     0x0800546c        0x4
                0x0800546c                        . = ALIGN (0x4)
                0x0800546c                        PROVIDE (__init_array_start = .)
 *(SORT_BY_NAME(.init_array.*))
 *(.init_array*)
 .init_array    0x0800546c        0x4 C:/ST/STM32CubeIDE_1.16.0/STM32CubeIDE/plugins/com.st.stm32cube.ide.mcu.externaltools.gnu-tools-for-stm32.13.3.rel1.win32_1.0.0.202411081344/tools/bin/../lib/gcc/arm-none-eabi/13.3.1/thumb/v7e-m+fp/hard/crtbegin.o
                0x08005470                        PROVIDE (__init_array_end = .)
                0x08005470                        . = ALIGN (0x4)

.fini_array     0x08005470        0x4
                0x08005470                        . = ALIGN (0x4)
                [!provide]                        PROVIDE (__fini_array_start = .)
 *(SORT_BY_NAME(.fini_array.*))
 *(.fini_array*)
 .fini_array    0x08005470        0x4 C:/ST/STM32CubeIDE_1.16.0/STM32CubeIDE/plugins/com.st.stm32cube.ide.mcu.externaltools.gnu-tools-for-stm32.13.3.rel1.win32_1.0.0.202411081344/tools/bin/../lib/gcc/arm-none-eabi/13.3.1/thumb/v7e-m+fp/hard/crtbegin.o
                [!provide]                        PROVIDE (__fini_array_end = .)
                0x08005474                        . = ALIGN (0x4)
                0x08005474                        _sidata = LOADADDR (.data)

.rel.dyn        0x08005474        0x0
 .rel.iplt      0x08005474        0x0 C:/ST/STM32CubeIDE_1.16.0/STM32CubeIDE/plugins/com.st.stm32cube.ide.mcu.externaltools.gnu-tools-for-stm32.13.3.rel1.win32_1.0.0.202411081344/tools/bin/../lib/gcc/arm-none-eabi/13.3.1/thumb/v7e-m+fp/hard/crtbegin.o

.data           0x20000000       0x98 load address 0x08005474
                0x20000000                        . = ALIGN (0x4)
                0x20000000                        _sdata = .
 *(.data)
 *(.data*)
 .data.device_registers
                0x20000000       0x28 ./Core/Src/modbus_device.o
                0x20000000                device_registers
 .data.SystemCoreClock
                0x20000028        0x4 ./Core/Src/system_stm32f3xx.o
                0x20000028                SystemCoreClock
 .data.uwTickPrio
                0x2000002c        0x4 ./Drivers/STM32F3xx_HAL_Driver/Src/stm32f3xx_hal.o
                0x2000002c                uwTickPrio
 .data.uwTickFreq
                0x20000030        0x1 ./Drivers/STM32F3xx_HAL_Driver/Src/stm32f3xx_hal.o
                0x20000030                uwTickFreq
 *fill*         0x20000031        0x3 
 .data.__sglue  0x20000034        0xc C:/ST/STM32CubeIDE_1.16.0/STM32CubeIDE/plugins/com.st.stm32cube.ide.mcu.externaltools.gnu-tools-for-stm32.13.3.rel1.win32_1.0.0.202411081344/tools/bin/../lib/gcc/arm-none-eabi/13.3.1/../../../../arm-none-eabi/lib/thumb/v7e-m+fp/hard\libc_nano.a(libc_a-findfp.o)
                0x20000034                __sglue
 .data._impure_ptr
                0x20000040        0x4 C:/ST/STM32CubeIDE_1.16.0/STM32CubeIDE/plugins/com.st.stm32cube.ide.mcu.externaltools.gnu-tools-for-stm32.13.3.rel1.win32_1.0.0.202411081344/tools/bin/../lib/gcc/arm-none-eabi/13.3.1/../../../../arm-none-eabi/lib/thumb/v7e-m+fp/hard\libc_nano.a(libc_a-impure.o)
                0x20000040                _impure_ptr
 .data._impure_data
                0x20000044       0x4c C:/ST/STM32CubeIDE_1.16.0/STM32CubeIDE/plugins/com.st.stm32cube.ide.mcu.externaltools.gnu-tools-for-stm32.13.3.rel1.win32_1.0.0.202411081344/tools/bin/../lib/gcc/arm-none-eabi/13.3.1/../../../../arm-none-eabi/lib/thumb/v7e-m+fp/hard\libc_nano.a(libc_a-impure.o)
                0x20000044                _impure_data
 .data.supports_ext_stdout_stderr
                0x20000090        0x4 C:/ST/STM32CubeIDE_1.16.0/STM32CubeIDE/plugins/com.st.stm32cube.ide.mcu.externaltools.gnu-tools-for-stm32.13.3.rel1.win32_1.0.0.202411081344/tools/bin/../lib/gcc/arm-none-eabi/13.3.1/../../../../arm-none-eabi/lib/thumb/v7e-m+fp/hard\librdimon_nano.a(arm_librdimon_a-syscalls.o)
 .data.supports_ext_exit_extended
                0x20000094        0x4 C:/ST/STM32CubeIDE_1.16.0/STM32CubeIDE/plugins/com.st.stm32cube.ide.mcu.externaltools.gnu-tools-for-stm32.13.3.rel1.win32_1.0.0.202411081344/tools/bin/../lib/gcc/arm-none-eabi/13.3.1/../../../../arm-none-eabi/lib/thumb/v7e-m+fp/hard\librdimon_nano.a(arm_librdimon_a-syscalls.o)
 *(.RamFunc)
 *(.RamFunc*)
                0x20000098                        . = ALIGN (0x4)
                0x20000098                        _edata = .
                0x0800550c                        _siccmram = LOADADDR (.ccmram)

.igot.plt       0x20000098        0x0 load address 0x0800550c
 .igot.plt      0x20000098        0x0 C:/ST/STM32CubeIDE_1.16.0/STM32CubeIDE/plugins/com.st.stm32cube.ide.mcu.externaltools.gnu-tools-for-stm32.13.3.rel1.win32_1.0.0.202411081344/tools/bin/../lib/gcc/arm-none-eabi/13.3.1/thumb/v7e-m+fp/hard/crtbegin.o

.ccmram         0x10000000        0x0 load address 0x0800550c
                0x10000000                        . = ALIGN (0x4)
                0x10000000                        _sccmram = .
 *(.ccmram)
 *(.ccmram*)
                0x10000000                        . = ALIGN (0x4)
                0x10000000                        _eccmram = .
                0x10000000                        . = ALIGN (0x4)

.bss            0x20000098      0x598
                0x20000098                        _sbss = .
                0x20000098                        __bss_start__ = _sbss
 *(.bss)
 .bss           0x20000098       0x1c C:/ST/STM32CubeIDE_1.16.0/STM32CubeIDE/plugins/com.st.stm32cube.ide.mcu.externaltools.gnu-tools-for-stm32.13.3.rel1.win32_1.0.0.202411081344/tools/bin/../lib/gcc/arm-none-eabi/13.3.1/thumb/v7e-m+fp/hard/crtbegin.o
 *(.bss*)
 .bss.huart1    0x200000b4       0x88 ./Core/Src/main.o
                0x200000b4                huart1
 .bss.hdma_usart1_rx
                0x2000013c       0x44 ./Core/Src/main.o
                0x2000013c                hdma_usart1_rx
 .bss.hdma_usart1_tx
                0x20000180       0x44 ./Core/Src/main.o
                0x20000180                hdma_usart1_tx
 .bss.g_mbusContext
                0x200001c4       0x44 ./Core/Src/modbus.o
                0x200001c4                g_mbusContext
 .bss.g_userError
                0x20000208        0x1 ./Core/Src/modbus.o
                0x20000208                g_userError
 .bss.modbus_context
                0x20000209        0x1 ./Core/Src/modbus_init.o
 *fill*         0x2000020a        0x2 
 .bss.modbus_config
                0x2000020c       0x28 ./Core/Src/modbus_init.o
 .bss.modbus_rx_buffer
                0x20000234      0x100 ./Core/Src/modbus_init.o
                0x20000234                modbus_rx_buffer
 .bss.modbus_tx_buffer
                0x20000334      0x100 ./Core/Src/modbus_init.o
                0x20000334                modbus_tx_buffer
 .bss.test_counter
                0x20000434        0x4 ./Core/Src/modbus_test.o
 .bss.uwTick    0x20000438        0x4 ./Drivers/STM32F3xx_HAL_Driver/Src/stm32f3xx_hal.o
                0x20000438                uwTick
 .bss.__sf      0x2000043c      0x138 C:/ST/STM32CubeIDE_1.16.0/STM32CubeIDE/plugins/com.st.stm32cube.ide.mcu.externaltools.gnu-tools-for-stm32.13.3.rel1.win32_1.0.0.202411081344/tools/bin/../lib/gcc/arm-none-eabi/13.3.1/../../../../arm-none-eabi/lib/thumb/v7e-m+fp/hard\libc_nano.a(libc_a-findfp.o)
                0x2000043c                __sf
 .bss.__stdio_exit_handler
                0x20000574        0x4 C:/ST/STM32CubeIDE_1.16.0/STM32CubeIDE/plugins/com.st.stm32cube.ide.mcu.externaltools.gnu-tools-for-stm32.13.3.rel1.win32_1.0.0.202411081344/tools/bin/../lib/gcc/arm-none-eabi/13.3.1/../../../../arm-none-eabi/lib/thumb/v7e-m+fp/hard\libc_nano.a(libc_a-findfp.o)
                0x20000574                __stdio_exit_handler
 .bss.errno     0x20000578        0x4 C:/ST/STM32CubeIDE_1.16.0/STM32CubeIDE/plugins/com.st.stm32cube.ide.mcu.externaltools.gnu-tools-for-stm32.13.3.rel1.win32_1.0.0.202411081344/tools/bin/../lib/gcc/arm-none-eabi/13.3.1/../../../../arm-none-eabi/lib/thumb/v7e-m+fp/hard\libc_nano.a(libc_a-reent.o)
                0x20000578                errno
 .bss.__lock___malloc_recursive_mutex
                0x2000057c        0x1 C:/ST/STM32CubeIDE_1.16.0/STM32CubeIDE/plugins/com.st.stm32cube.ide.mcu.externaltools.gnu-tools-for-stm32.13.3.rel1.win32_1.0.0.202411081344/tools/bin/../lib/gcc/arm-none-eabi/13.3.1/../../../../arm-none-eabi/lib/thumb/v7e-m+fp/hard\libc_nano.a(libc_a-lock.o)
                0x2000057c                __lock___malloc_recursive_mutex
 .bss.__lock___sfp_recursive_mutex
                0x2000057d        0x1 C:/ST/STM32CubeIDE_1.16.0/STM32CubeIDE/plugins/com.st.stm32cube.ide.mcu.externaltools.gnu-tools-for-stm32.13.3.rel1.win32_1.0.0.202411081344/tools/bin/../lib/gcc/arm-none-eabi/13.3.1/../../../../arm-none-eabi/lib/thumb/v7e-m+fp/hard\libc_nano.a(libc_a-lock.o)
                0x2000057d                __lock___sfp_recursive_mutex
 *fill*         0x2000057e        0x2 
 .bss.__malloc_free_list
                0x20000580        0x4 C:/ST/STM32CubeIDE_1.16.0/STM32CubeIDE/plugins/com.st.stm32cube.ide.mcu.externaltools.gnu-tools-for-stm32.13.3.rel1.win32_1.0.0.202411081344/tools/bin/../lib/gcc/arm-none-eabi/13.3.1/../../../../arm-none-eabi/lib/thumb/v7e-m+fp/hard\libc_nano.a(libc_a-mallocr.o)
                0x20000580                __malloc_free_list
 .bss.monitor_stderr
                0x20000584        0x4 C:/ST/STM32CubeIDE_1.16.0/STM32CubeIDE/plugins/com.st.stm32cube.ide.mcu.externaltools.gnu-tools-for-stm32.13.3.rel1.win32_1.0.0.202411081344/tools/bin/../lib/gcc/arm-none-eabi/13.3.1/../../../../arm-none-eabi/lib/thumb/v7e-m+fp/hard\librdimon_nano.a(arm_librdimon_a-syscalls.o)
 .bss.monitor_stdout
                0x20000588        0x4 C:/ST/STM32CubeIDE_1.16.0/STM32CubeIDE/plugins/com.st.stm32cube.ide.mcu.externaltools.gnu-tools-for-stm32.13.3.rel1.win32_1.0.0.202411081344/tools/bin/../lib/gcc/arm-none-eabi/13.3.1/../../../../arm-none-eabi/lib/thumb/v7e-m+fp/hard\librdimon_nano.a(arm_librdimon_a-syscalls.o)
 .bss.monitor_stdin
                0x2000058c        0x4 C:/ST/STM32CubeIDE_1.16.0/STM32CubeIDE/plugins/com.st.stm32cube.ide.mcu.externaltools.gnu-tools-for-stm32.13.3.rel1.win32_1.0.0.202411081344/tools/bin/../lib/gcc/arm-none-eabi/13.3.1/../../../../arm-none-eabi/lib/thumb/v7e-m+fp/hard\librdimon_nano.a(arm_librdimon_a-syscalls.o)
 .bss.openfiles
                0x20000590       0xa0 C:/ST/STM32CubeIDE_1.16.0/STM32CubeIDE/plugins/com.st.stm32cube.ide.mcu.externaltools.gnu-tools-for-stm32.13.3.rel1.win32_1.0.0.202411081344/tools/bin/../lib/gcc/arm-none-eabi/13.3.1/../../../../arm-none-eabi/lib/thumb/v7e-m+fp/hard\librdimon_nano.a(arm_librdimon_a-syscalls.o)
 *(COMMON)
                0x20000630                        . = ALIGN (0x4)
                0x20000630                        _ebss = .
                0x20000630                        __bss_end__ = _ebss

._user_heap_stack
                0x20000630      0x600
                0x20000630                        . = ALIGN (0x8)
                0x20000630                        PROVIDE (end = .)
                0x20000630                        PROVIDE (_end = .)
                0x20000830                        . = (. + _Min_Heap_Size)
 *fill*         0x20000630      0x200 
                0x20000c30                        . = (. + _Min_Stack_Size)
 *fill*         0x20000830      0x400 
                0x20000c30                        . = ALIGN (0x8)

/DISCARD/
 libc.a(*)
 libm.a(*)
 libgcc.a(*)

.ARM.attributes
                0x00000000       0x30
 *(.ARM.attributes)
 .ARM.attributes
                0x00000000       0x22 C:/ST/STM32CubeIDE_1.16.0/STM32CubeIDE/plugins/com.st.stm32cube.ide.mcu.externaltools.gnu-tools-for-stm32.13.3.rel1.win32_1.0.0.202411081344/tools/bin/../lib/gcc/arm-none-eabi/13.3.1/thumb/v7e-m+fp/hard/crti.o
 .ARM.attributes
                0x00000022       0x34 C:/ST/STM32CubeIDE_1.16.0/STM32CubeIDE/plugins/com.st.stm32cube.ide.mcu.externaltools.gnu-tools-for-stm32.13.3.rel1.win32_1.0.0.202411081344/tools/bin/../lib/gcc/arm-none-eabi/13.3.1/thumb/v7e-m+fp/hard/crtbegin.o
 .ARM.attributes
                0x00000056       0x34 ./Core/Src/main.o
 .ARM.attributes
                0x0000008a       0x34 ./Core/Src/mbutils.o
 .ARM.attributes
                0x000000be       0x34 ./Core/Src/modbus.o
 .ARM.attributes
                0x000000f2       0x34 ./Core/Src/modbus_device.o
 .ARM.attributes
                0x00000126       0x34 ./Core/Src/modbus_init.o
 .ARM.attributes
                0x0000015a       0x34 ./Core/Src/modbus_test.o
 .ARM.attributes
                0x0000018e       0x34 ./Core/Src/stm32f3xx_hal_msp.o
 .ARM.attributes
                0x000001c2       0x34 ./Core/Src/stm32f3xx_it.o
 .ARM.attributes
                0x000001f6       0x34 ./Core/Src/system_stm32f3xx.o
 .ARM.attributes
                0x0000022a       0x34 ./Core/Src/uart_callbacks.o
 .ARM.attributes
                0x0000025e       0x21 ./Core/Startup/startup_stm32f303k8tx.o
 .ARM.attributes
                0x0000027f       0x34 ./Drivers/STM32F3xx_HAL_Driver/Src/stm32f3xx_hal.o
 .ARM.attributes
                0x000002b3       0x34 ./Drivers/STM32F3xx_HAL_Driver/Src/stm32f3xx_hal_cortex.o
 .ARM.attributes
                0x000002e7       0x34 ./Drivers/STM32F3xx_HAL_Driver/Src/stm32f3xx_hal_dma.o
 .ARM.attributes
                0x0000031b       0x34 ./Drivers/STM32F3xx_HAL_Driver/Src/stm32f3xx_hal_gpio.o
 .ARM.attributes
                0x0000034f       0x34 ./Drivers/STM32F3xx_HAL_Driver/Src/stm32f3xx_hal_rcc.o
 .ARM.attributes
                0x00000383       0x34 ./Drivers/STM32F3xx_HAL_Driver/Src/stm32f3xx_hal_rcc_ex.o
 .ARM.attributes
                0x000003b7       0x34 ./Drivers/STM32F3xx_HAL_Driver/Src/stm32f3xx_hal_uart.o
 .ARM.attributes
                0x000003eb       0x34 ./Drivers/STM32F3xx_HAL_Driver/Src/stm32f3xx_hal_uart_ex.o
 .ARM.attributes
                0x0000041f       0x34 C:/ST/STM32CubeIDE_1.16.0/STM32CubeIDE/plugins/com.st.stm32cube.ide.mcu.externaltools.gnu-tools-for-stm32.13.3.rel1.win32_1.0.0.202411081344/tools/bin/../lib/gcc/arm-none-eabi/13.3.1/../../../../arm-none-eabi/lib/thumb/v7e-m+fp/hard\libc_nano.a(libc_a-findfp.o)
 .ARM.attributes
                0x00000453       0x34 C:/ST/STM32CubeIDE_1.16.0/STM32CubeIDE/plugins/com.st.stm32cube.ide.mcu.externaltools.gnu-tools-for-stm32.13.3.rel1.win32_1.0.0.202411081344/tools/bin/../lib/gcc/arm-none-eabi/13.3.1/../../../../arm-none-eabi/lib/thumb/v7e-m+fp/hard\libc_nano.a(libc_a-fwalk.o)
 .ARM.attributes
                0x00000487       0x34 C:/ST/STM32CubeIDE_1.16.0/STM32CubeIDE/plugins/com.st.stm32cube.ide.mcu.externaltools.gnu-tools-for-stm32.13.3.rel1.win32_1.0.0.202411081344/tools/bin/../lib/gcc/arm-none-eabi/13.3.1/../../../../arm-none-eabi/lib/thumb/v7e-m+fp/hard\libc_nano.a(libc_a-stdio.o)
 .ARM.attributes
                0x000004bb       0x34 C:/ST/STM32CubeIDE_1.16.0/STM32CubeIDE/plugins/com.st.stm32cube.ide.mcu.externaltools.gnu-tools-for-stm32.13.3.rel1.win32_1.0.0.202411081344/tools/bin/../lib/gcc/arm-none-eabi/13.3.1/../../../../arm-none-eabi/lib/thumb/v7e-m+fp/hard\libc_nano.a(libc_a-memset.o)
 .ARM.attributes
                0x000004ef       0x34 C:/ST/STM32CubeIDE_1.16.0/STM32CubeIDE/plugins/com.st.stm32cube.ide.mcu.externaltools.gnu-tools-for-stm32.13.3.rel1.win32_1.0.0.202411081344/tools/bin/../lib/gcc/arm-none-eabi/13.3.1/../../../../arm-none-eabi/lib/thumb/v7e-m+fp/hard\libc_nano.a(libc_a-closer.o)
 .ARM.attributes
                0x00000523       0x34 C:/ST/STM32CubeIDE_1.16.0/STM32CubeIDE/plugins/com.st.stm32cube.ide.mcu.externaltools.gnu-tools-for-stm32.13.3.rel1.win32_1.0.0.202411081344/tools/bin/../lib/gcc/arm-none-eabi/13.3.1/../../../../arm-none-eabi/lib/thumb/v7e-m+fp/hard\libc_nano.a(libc_a-reent.o)
 .ARM.attributes
                0x00000557       0x34 C:/ST/STM32CubeIDE_1.16.0/STM32CubeIDE/plugins/com.st.stm32cube.ide.mcu.externaltools.gnu-tools-for-stm32.13.3.rel1.win32_1.0.0.202411081344/tools/bin/../lib/gcc/arm-none-eabi/13.3.1/../../../../arm-none-eabi/lib/thumb/v7e-m+fp/hard\libc_nano.a(libc_a-impure.o)
 .ARM.attributes
                0x0000058b       0x34 C:/ST/STM32CubeIDE_1.16.0/STM32CubeIDE/plugins/com.st.stm32cube.ide.mcu.externaltools.gnu-tools-for-stm32.13.3.rel1.win32_1.0.0.202411081344/tools/bin/../lib/gcc/arm-none-eabi/13.3.1/../../../../arm-none-eabi/lib/thumb/v7e-m+fp/hard\libc_nano.a(libc_a-lseekr.o)
 .ARM.attributes
                0x000005bf       0x34 C:/ST/STM32CubeIDE_1.16.0/STM32CubeIDE/plugins/com.st.stm32cube.ide.mcu.externaltools.gnu-tools-for-stm32.13.3.rel1.win32_1.0.0.202411081344/tools/bin/../lib/gcc/arm-none-eabi/13.3.1/../../../../arm-none-eabi/lib/thumb/v7e-m+fp/hard\libc_nano.a(libc_a-readr.o)
 .ARM.attributes
                0x000005f3       0x34 C:/ST/STM32CubeIDE_1.16.0/STM32CubeIDE/plugins/com.st.stm32cube.ide.mcu.externaltools.gnu-tools-for-stm32.13.3.rel1.win32_1.0.0.202411081344/tools/bin/../lib/gcc/arm-none-eabi/13.3.1/../../../../arm-none-eabi/lib/thumb/v7e-m+fp/hard\libc_nano.a(libc_a-writer.o)
 .ARM.attributes
                0x00000627       0x34 C:/ST/STM32CubeIDE_1.16.0/STM32CubeIDE/plugins/com.st.stm32cube.ide.mcu.externaltools.gnu-tools-for-stm32.13.3.rel1.win32_1.0.0.202411081344/tools/bin/../lib/gcc/arm-none-eabi/13.3.1/../../../../arm-none-eabi/lib/thumb/v7e-m+fp/hard\libc_nano.a(libc_a-errno.o)
 .ARM.attributes
                0x0000065b       0x34 C:/ST/STM32CubeIDE_1.16.0/STM32CubeIDE/plugins/com.st.stm32cube.ide.mcu.externaltools.gnu-tools-for-stm32.13.3.rel1.win32_1.0.0.202411081344/tools/bin/../lib/gcc/arm-none-eabi/13.3.1/../../../../arm-none-eabi/lib/thumb/v7e-m+fp/hard\libc_nano.a(libc_a-init.o)
 .ARM.attributes
                0x0000068f       0x34 C:/ST/STM32CubeIDE_1.16.0/STM32CubeIDE/plugins/com.st.stm32cube.ide.mcu.externaltools.gnu-tools-for-stm32.13.3.rel1.win32_1.0.0.202411081344/tools/bin/../lib/gcc/arm-none-eabi/13.3.1/../../../../arm-none-eabi/lib/thumb/v7e-m+fp/hard\libc_nano.a(libc_a-lock.o)
 .ARM.attributes
                0x000006c3       0x34 C:/ST/STM32CubeIDE_1.16.0/STM32CubeIDE/plugins/com.st.stm32cube.ide.mcu.externaltools.gnu-tools-for-stm32.13.3.rel1.win32_1.0.0.202411081344/tools/bin/../lib/gcc/arm-none-eabi/13.3.1/../../../../arm-none-eabi/lib/thumb/v7e-m+fp/hard\libc_nano.a(libc_a-memcpy-stub.o)
 .ARM.attributes
                0x000006f7       0x34 C:/ST/STM32CubeIDE_1.16.0/STM32CubeIDE/plugins/com.st.stm32cube.ide.mcu.externaltools.gnu-tools-for-stm32.13.3.rel1.win32_1.0.0.202411081344/tools/bin/../lib/gcc/arm-none-eabi/13.3.1/../../../../arm-none-eabi/lib/thumb/v7e-m+fp/hard\libc_nano.a(libc_a-freer.o)
 .ARM.attributes
                0x0000072b       0x34 C:/ST/STM32CubeIDE_1.16.0/STM32CubeIDE/plugins/com.st.stm32cube.ide.mcu.externaltools.gnu-tools-for-stm32.13.3.rel1.win32_1.0.0.202411081344/tools/bin/../lib/gcc/arm-none-eabi/13.3.1/../../../../arm-none-eabi/lib/thumb/v7e-m+fp/hard\libc_nano.a(libc_a-mallocr.o)
 .ARM.attributes
                0x0000075f       0x34 C:/ST/STM32CubeIDE_1.16.0/STM32CubeIDE/plugins/com.st.stm32cube.ide.mcu.externaltools.gnu-tools-for-stm32.13.3.rel1.win32_1.0.0.202411081344/tools/bin/../lib/gcc/arm-none-eabi/13.3.1/../../../../arm-none-eabi/lib/thumb/v7e-m+fp/hard\libc_nano.a(libc_a-mlock.o)
 .ARM.attributes
                0x00000793       0x34 C:/ST/STM32CubeIDE_1.16.0/STM32CubeIDE/plugins/com.st.stm32cube.ide.mcu.externaltools.gnu-tools-for-stm32.13.3.rel1.win32_1.0.0.202411081344/tools/bin/../lib/gcc/arm-none-eabi/13.3.1/../../../../arm-none-eabi/lib/thumb/v7e-m+fp/hard\libc_nano.a(libc_a-fflush.o)
 .ARM.attributes
                0x000007c7       0x34 C:/ST/STM32CubeIDE_1.16.0/STM32CubeIDE/plugins/com.st.stm32cube.ide.mcu.externaltools.gnu-tools-for-stm32.13.3.rel1.win32_1.0.0.202411081344/tools/bin/../lib/gcc/arm-none-eabi/13.3.1/../../../../arm-none-eabi/lib/thumb/v7e-m+fp/hard\librdimon_nano.a(arm_librdimon_a-syscalls.o)
 .ARM.attributes
                0x000007fb       0x17 C:/ST/STM32CubeIDE_1.16.0/STM32CubeIDE/plugins/com.st.stm32cube.ide.mcu.externaltools.gnu-tools-for-stm32.13.3.rel1.win32_1.0.0.202411081344/tools/bin/../lib/gcc/arm-none-eabi/13.3.1/../../../../arm-none-eabi/lib/thumb/v7e-m+fp/hard\libc_nano.a(libc_a-strlen.o)
 .ARM.attributes
                0x00000812       0x22 C:/ST/STM32CubeIDE_1.16.0/STM32CubeIDE/plugins/com.st.stm32cube.ide.mcu.externaltools.gnu-tools-for-stm32.13.3.rel1.win32_1.0.0.202411081344/tools/bin/../lib/gcc/arm-none-eabi/13.3.1/thumb/v7e-m+fp/hard/crtn.o
OUTPUT(modbusTrying.elf elf32-littlearm)
LOAD linker stubs
LOAD C:/ST/STM32CubeIDE_1.16.0/STM32CubeIDE/plugins/com.st.stm32cube.ide.mcu.externaltools.gnu-tools-for-stm32.13.3.rel1.win32_1.0.0.202411081344/tools/bin/../lib/gcc/arm-none-eabi/13.3.1/../../../../arm-none-eabi/lib/thumb/v7e-m+fp/hard\libc.a
LOAD C:/ST/STM32CubeIDE_1.16.0/STM32CubeIDE/plugins/com.st.stm32cube.ide.mcu.externaltools.gnu-tools-for-stm32.13.3.rel1.win32_1.0.0.202411081344/tools/bin/../lib/gcc/arm-none-eabi/13.3.1/../../../../arm-none-eabi/lib/thumb/v7e-m+fp/hard\libm.a
LOAD C:/ST/STM32CubeIDE_1.16.0/STM32CubeIDE/plugins/com.st.stm32cube.ide.mcu.externaltools.gnu-tools-for-stm32.13.3.rel1.win32_1.0.0.202411081344/tools/bin/../lib/gcc/arm-none-eabi/13.3.1/thumb/v7e-m+fp/hard\libgcc.a

.debug_info     0x00000000     0xc228
 .debug_info    0x00000000      0xdde ./Core/Src/main.o
 .debug_info    0x00000dde      0x156 ./Core/Src/mbutils.o
 .debug_info    0x00000f34      0x8d5 ./Core/Src/modbus.o
 .debug_info    0x00001809      0x240 ./Core/Src/modbus_device.o
 .debug_info    0x00001a49      0x94d ./Core/Src/modbus_init.o
 .debug_info    0x00002396       0xbb ./Core/Src/modbus_test.o
 .debug_info    0x00002451      0xafa ./Core/Src/stm32f3xx_hal_msp.o
 .debug_info    0x00002f4b      0x734 ./Core/Src/stm32f3xx_it.o
 .debug_info    0x0000367f      0x407 ./Core/Src/system_stm32f3xx.o
 .debug_info    0x00003a86      0x81e ./Core/Src/uart_callbacks.o
 .debug_info    0x000042a4       0x30 ./Core/Startup/startup_stm32f303k8tx.o
 .debug_info    0x000042d4      0x74a ./Drivers/STM32F3xx_HAL_Driver/Src/stm32f3xx_hal.o
 .debug_info    0x00004a1e      0xa87 ./Drivers/STM32F3xx_HAL_Driver/Src/stm32f3xx_hal_cortex.o
 .debug_info    0x000054a5      0x6e1 ./Drivers/STM32F3xx_HAL_Driver/Src/stm32f3xx_hal_dma.o
 .debug_info    0x00005b86      0x6a6 ./Drivers/STM32F3xx_HAL_Driver/Src/stm32f3xx_hal_gpio.o
 .debug_info    0x0000622c     0x148a ./Drivers/STM32F3xx_HAL_Driver/Src/stm32f3xx_hal_rcc.o
 .debug_info    0x000076b6      0x52e ./Drivers/STM32F3xx_HAL_Driver/Src/stm32f3xx_hal_rcc_ex.o
 .debug_info    0x00007be4     0x39a8 ./Drivers/STM32F3xx_HAL_Driver/Src/stm32f3xx_hal_uart.o
 .debug_info    0x0000b58c      0xc9c ./Drivers/STM32F3xx_HAL_Driver/Src/stm32f3xx_hal_uart_ex.o

.debug_abbrev   0x00000000     0x23a0
 .debug_abbrev  0x00000000      0x279 ./Core/Src/main.o
 .debug_abbrev  0x00000279       0xac ./Core/Src/mbutils.o
 .debug_abbrev  0x00000325      0x291 ./Core/Src/modbus.o
 .debug_abbrev  0x000005b6      0x14d ./Core/Src/modbus_device.o
 .debug_abbrev  0x00000703      0x1ff ./Core/Src/modbus_init.o
 .debug_abbrev  0x00000902       0x67 ./Core/Src/modbus_test.o
 .debug_abbrev  0x00000969      0x1f0 ./Core/Src/stm32f3xx_hal_msp.o
 .debug_abbrev  0x00000b59      0x175 ./Core/Src/stm32f3xx_it.o
 .debug_abbrev  0x00000cce      0x11a ./Core/Src/system_stm32f3xx.o
 .debug_abbrev  0x00000de8      0x1ff ./Core/Src/uart_callbacks.o
 .debug_abbrev  0x00000fe7       0x24 ./Core/Startup/startup_stm32f303k8tx.o
 .debug_abbrev  0x0000100b      0x215 ./Drivers/STM32F3xx_HAL_Driver/Src/stm32f3xx_hal.o
 .debug_abbrev  0x00001220      0x2f8 ./Drivers/STM32F3xx_HAL_Driver/Src/stm32f3xx_hal_cortex.o
 .debug_abbrev  0x00001518      0x20d ./Drivers/STM32F3xx_HAL_Driver/Src/stm32f3xx_hal_dma.o
 .debug_abbrev  0x00001725      0x1ca ./Drivers/STM32F3xx_HAL_Driver/Src/stm32f3xx_hal_gpio.o
 .debug_abbrev  0x000018ef      0x300 ./Drivers/STM32F3xx_HAL_Driver/Src/stm32f3xx_hal_rcc.o
 .debug_abbrev  0x00001bef      0x221 ./Drivers/STM32F3xx_HAL_Driver/Src/stm32f3xx_hal_rcc_ex.o
 .debug_abbrev  0x00001e10      0x2d1 ./Drivers/STM32F3xx_HAL_Driver/Src/stm32f3xx_hal_uart.o
 .debug_abbrev  0x000020e1      0x2bf ./Drivers/STM32F3xx_HAL_Driver/Src/stm32f3xx_hal_uart_ex.o

.debug_aranges  0x00000000      0x8f8
 .debug_aranges
                0x00000000       0x48 ./Core/Src/main.o
 .debug_aranges
                0x00000048       0x28 ./Core/Src/mbutils.o
 .debug_aranges
                0x00000070       0x88 ./Core/Src/modbus.o
 .debug_aranges
                0x000000f8       0x48 ./Core/Src/modbus_device.o
 .debug_aranges
                0x00000140       0x38 ./Core/Src/modbus_init.o
 .debug_aranges
                0x00000178       0x28 ./Core/Src/modbus_test.o
 .debug_aranges
                0x000001a0       0x30 ./Core/Src/stm32f3xx_hal_msp.o
 .debug_aranges
                0x000001d0       0x78 ./Core/Src/stm32f3xx_it.o
 .debug_aranges
                0x00000248       0x28 ./Core/Src/system_stm32f3xx.o
 .debug_aranges
                0x00000270       0x48 ./Core/Src/uart_callbacks.o
 .debug_aranges
                0x000002b8       0x28 ./Core/Startup/startup_stm32f303k8tx.o
 .debug_aranges
                0x000002e0       0xe0 ./Drivers/STM32F3xx_HAL_Driver/Src/stm32f3xx_hal.o
 .debug_aranges
                0x000003c0      0x100 ./Drivers/STM32F3xx_HAL_Driver/Src/stm32f3xx_hal_cortex.o
 .debug_aranges
                0x000004c0       0x88 ./Drivers/STM32F3xx_HAL_Driver/Src/stm32f3xx_hal_dma.o
 .debug_aranges
                0x00000548       0x58 ./Drivers/STM32F3xx_HAL_Driver/Src/stm32f3xx_hal_gpio.o
 .debug_aranges
                0x000005a0       0x88 ./Drivers/STM32F3xx_HAL_Driver/Src/stm32f3xx_hal_rcc.o
 .debug_aranges
                0x00000628       0x38 ./Drivers/STM32F3xx_HAL_Driver/Src/stm32f3xx_hal_rcc_ex.o
 .debug_aranges
                0x00000660      0x228 ./Drivers/STM32F3xx_HAL_Driver/Src/stm32f3xx_hal_uart.o
 .debug_aranges
                0x00000888       0x70 ./Drivers/STM32F3xx_HAL_Driver/Src/stm32f3xx_hal_uart_ex.o

.debug_rnglists
                0x00000000      0x6bb
 .debug_rnglists
                0x00000000       0x32 ./Core/Src/main.o
 .debug_rnglists
                0x00000032       0x19 ./Core/Src/mbutils.o
 .debug_rnglists
                0x0000004b       0x66 ./Core/Src/modbus.o
 .debug_rnglists
                0x000000b1       0x31 ./Core/Src/modbus_device.o
 .debug_rnglists
                0x000000e2       0x26 ./Core/Src/modbus_init.o
 .debug_rnglists
                0x00000108       0x19 ./Core/Src/modbus_test.o
 .debug_rnglists
                0x00000121       0x20 ./Core/Src/stm32f3xx_hal_msp.o
 .debug_rnglists
                0x00000141       0x55 ./Core/Src/stm32f3xx_it.o
 .debug_rnglists
                0x00000196       0x1a ./Core/Src/system_stm32f3xx.o
 .debug_rnglists
                0x000001b0       0x31 ./Core/Src/uart_callbacks.o
 .debug_rnglists
                0x000001e1       0x19 ./Core/Startup/startup_stm32f303k8tx.o
 .debug_rnglists
                0x000001fa       0xa3 ./Drivers/STM32F3xx_HAL_Driver/Src/stm32f3xx_hal.o
 .debug_rnglists
                0x0000029d       0xbb ./Drivers/STM32F3xx_HAL_Driver/Src/stm32f3xx_hal_cortex.o
 .debug_rnglists
                0x00000358       0x69 ./Drivers/STM32F3xx_HAL_Driver/Src/stm32f3xx_hal_dma.o
 .debug_rnglists
                0x000003c1       0x3f ./Drivers/STM32F3xx_HAL_Driver/Src/stm32f3xx_hal_gpio.o
 .debug_rnglists
                0x00000400       0x66 ./Drivers/STM32F3xx_HAL_Driver/Src/stm32f3xx_hal_rcc.o
 .debug_rnglists
                0x00000466       0x27 ./Drivers/STM32F3xx_HAL_Driver/Src/stm32f3xx_hal_rcc_ex.o
 .debug_rnglists
                0x0000048d      0x1da ./Drivers/STM32F3xx_HAL_Driver/Src/stm32f3xx_hal_uart.o
 .debug_rnglists
                0x00000667       0x54 ./Drivers/STM32F3xx_HAL_Driver/Src/stm32f3xx_hal_uart_ex.o

.debug_macro    0x00000000    0x1b293
 .debug_macro   0x00000000      0x2f3 ./Core/Src/main.o
 .debug_macro   0x000002f3      0xad8 ./Core/Src/main.o
 .debug_macro   0x00000dcb      0x158 ./Core/Src/main.o
 .debug_macro   0x00000f23       0x2e ./Core/Src/main.o
 .debug_macro   0x00000f51       0x28 ./Core/Src/main.o
 .debug_macro   0x00000f79       0x22 ./Core/Src/main.o
 .debug_macro   0x00000f9b       0x8e ./Core/Src/main.o
 .debug_macro   0x00001029       0x51 ./Core/Src/main.o
 .debug_macro   0x0000107a      0x103 ./Core/Src/main.o
 .debug_macro   0x0000117d       0x6a ./Core/Src/main.o
 .debug_macro   0x000011e7      0x1df ./Core/Src/main.o
 .debug_macro   0x000013c6       0x1c ./Core/Src/main.o
 .debug_macro   0x000013e2       0x22 ./Core/Src/main.o
 .debug_macro   0x00001404       0xd9 ./Core/Src/main.o
 .debug_macro   0x000014dd      0xf07 ./Core/Src/main.o
 .debug_macro   0x000023e4    0x10be0 ./Core/Src/main.o
 .debug_macro   0x00012fc4       0x6d ./Core/Src/main.o
 .debug_macro   0x00013031     0x3574 ./Core/Src/main.o
 .debug_macro   0x000165a5      0x190 ./Core/Src/main.o
 .debug_macro   0x00016735       0x55 ./Core/Src/main.o
 .debug_macro   0x0001678a      0x8f8 ./Core/Src/main.o
 .debug_macro   0x00017082      0x304 ./Core/Src/main.o
 .debug_macro   0x00017386      0x1b5 ./Core/Src/main.o
 .debug_macro   0x0001753b      0x11b ./Core/Src/main.o
 .debug_macro   0x00017656      0x1d5 ./Core/Src/main.o
 .debug_macro   0x0001782b      0x1bc ./Core/Src/main.o
 .debug_macro   0x000179e7       0x34 ./Core/Src/main.o
 .debug_macro   0x00017a1b       0x3c ./Core/Src/main.o
 .debug_macro   0x00017a57       0x57 ./Core/Src/main.o
 .debug_macro   0x00017aae       0xc5 ./Core/Src/main.o
 .debug_macro   0x00017b73      0x19f ./Core/Src/main.o
 .debug_macro   0x00017d12      0x22c ./Core/Src/main.o
 .debug_macro   0x00017f3e       0x5b ./Core/Src/main.o
 .debug_macro   0x00017f99       0xa5 ./Core/Src/main.o
 .debug_macro   0x0001803e       0x81 ./Core/Src/main.o
 .debug_macro   0x000180bf       0xd3 ./Core/Src/main.o
 .debug_macro   0x00018192      0x5ba ./Core/Src/main.o
 .debug_macro   0x0001874c       0x44 ./Core/Src/main.o
 .debug_macro   0x00018790      0x285 ./Core/Src/main.o
 .debug_macro   0x00018a15       0x58 ./Core/Src/main.o
 .debug_macro   0x00018a6d       0x10 ./Core/Src/main.o
 .debug_macro   0x00018a7d       0x61 ./Core/Src/main.o
 .debug_macro   0x00018ade       0x2a ./Core/Src/main.o
 .debug_macro   0x00018b08       0x43 ./Core/Src/main.o
 .debug_macro   0x00018b4b       0x34 ./Core/Src/main.o
 .debug_macro   0x00018b7f       0x16 ./Core/Src/main.o
 .debug_macro   0x00018b95       0x3c ./Core/Src/main.o
 .debug_macro   0x00018bd1      0x370 ./Core/Src/main.o
 .debug_macro   0x00018f41       0x10 ./Core/Src/main.o
 .debug_macro   0x00018f51       0x16 ./Core/Src/main.o
 .debug_macro   0x00018f67       0x4a ./Core/Src/main.o
 .debug_macro   0x00018fb1       0x34 ./Core/Src/main.o
 .debug_macro   0x00018fe5       0x10 ./Core/Src/main.o
 .debug_macro   0x00018ff5       0x58 ./Core/Src/main.o
 .debug_macro   0x0001904d       0x8e ./Core/Src/main.o
 .debug_macro   0x000190db       0x1c ./Core/Src/main.o
 .debug_macro   0x000190f7      0x185 ./Core/Src/main.o
 .debug_macro   0x0001927c       0x16 ./Core/Src/main.o
 .debug_macro   0x00019292       0x16 ./Core/Src/main.o
 .debug_macro   0x000192a8      0x146 ./Core/Src/main.o
 .debug_macro   0x000193ee       0x8f ./Core/Src/mbutils.o
 .debug_macro   0x0001947d      0x19c ./Core/Src/modbus.o
 .debug_macro   0x00019619       0x9e ./Core/Src/modbus.o
 .debug_macro   0x000196b7      0x112 ./Core/Src/modbus.o
 .debug_macro   0x000197c9       0x16 ./Core/Src/modbus.o
 .debug_macro   0x000197df       0x20 ./Core/Src/modbus.o
 .debug_macro   0x000197ff      0x14a ./Core/Src/modbus_device.o
 .debug_macro   0x00019949      0x2d7 ./Core/Src/modbus_init.o
 .debug_macro   0x00019c20       0x77 ./Core/Src/modbus_test.o
 .debug_macro   0x00019c97      0x1bb ./Core/Src/stm32f3xx_hal_msp.o
 .debug_macro   0x00019e52      0x1c5 ./Core/Src/stm32f3xx_it.o
 .debug_macro   0x0001a017      0x1b1 ./Core/Src/system_stm32f3xx.o
 .debug_macro   0x0001a1c8      0x2d7 ./Core/Src/uart_callbacks.o
 .debug_macro   0x0001a49f      0x1d5 ./Drivers/STM32F3xx_HAL_Driver/Src/stm32f3xx_hal.o
 .debug_macro   0x0001a674      0x1b1 ./Drivers/STM32F3xx_HAL_Driver/Src/stm32f3xx_hal_cortex.o
 .debug_macro   0x0001a825      0x1b1 ./Drivers/STM32F3xx_HAL_Driver/Src/stm32f3xx_hal_dma.o
 .debug_macro   0x0001a9d6      0x1b8 ./Drivers/STM32F3xx_HAL_Driver/Src/stm32f3xx_hal_gpio.o
 .debug_macro   0x0001ab8e      0x1d5 ./Drivers/STM32F3xx_HAL_Driver/Src/stm32f3xx_hal_rcc.o
 .debug_macro   0x0001ad63      0x1b1 ./Drivers/STM32F3xx_HAL_Driver/Src/stm32f3xx_hal_rcc_ex.o
 .debug_macro   0x0001af14      0x1ce ./Drivers/STM32F3xx_HAL_Driver/Src/stm32f3xx_hal_uart.o
 .debug_macro   0x0001b0e2      0x1b1 ./Drivers/STM32F3xx_HAL_Driver/Src/stm32f3xx_hal_uart_ex.o

.debug_line     0x00000000     0xd435
 .debug_line    0x00000000      0xa18 ./Core/Src/main.o
 .debug_line    0x00000a18      0x481 ./Core/Src/mbutils.o
 .debug_line    0x00000e99      0xbb8 ./Core/Src/modbus.o
 .debug_line    0x00001a51      0x666 ./Core/Src/modbus_device.o
 .debug_line    0x000020b7      0x967 ./Core/Src/modbus_init.o
 .debug_line    0x00002a1e      0x454 ./Core/Src/modbus_test.o
 .debug_line    0x00002e72      0x7cf ./Core/Src/stm32f3xx_hal_msp.o
 .debug_line    0x00003641      0x828 ./Core/Src/stm32f3xx_it.o
 .debug_line    0x00003e69      0x7ab ./Core/Src/system_stm32f3xx.o
 .debug_line    0x00004614      0x972 ./Core/Src/uart_callbacks.o
 .debug_line    0x00004f86       0x7a ./Core/Startup/startup_stm32f303k8tx.o
 .debug_line    0x00005000      0x9e7 ./Drivers/STM32F3xx_HAL_Driver/Src/stm32f3xx_hal.o
 .debug_line    0x000059e7      0xbab ./Drivers/STM32F3xx_HAL_Driver/Src/stm32f3xx_hal_cortex.o
 .debug_line    0x00006592      0xcb1 ./Drivers/STM32F3xx_HAL_Driver/Src/stm32f3xx_hal_dma.o
 .debug_line    0x00007243      0xb1e ./Drivers/STM32F3xx_HAL_Driver/Src/stm32f3xx_hal_gpio.o
 .debug_line    0x00007d61     0x1546 ./Drivers/STM32F3xx_HAL_Driver/Src/stm32f3xx_hal_rcc.o
 .debug_line    0x000092a7      0xaa7 ./Drivers/STM32F3xx_HAL_Driver/Src/stm32f3xx_hal_rcc_ex.o
 .debug_line    0x00009d4e     0x2bd1 ./Drivers/STM32F3xx_HAL_Driver/Src/stm32f3xx_hal_uart.o
 .debug_line    0x0000c91f      0xb16 ./Drivers/STM32F3xx_HAL_Driver/Src/stm32f3xx_hal_uart_ex.o

.debug_str      0x00000000    0x9b40a
 .debug_str     0x00000000    0x9b40a ./Core/Src/main.o
                              0x994fd (size before relaxing)
 .debug_str     0x0009b40a     0x3fd8 ./Core/Src/mbutils.o
 .debug_str     0x0009b40a     0x8200 ./Core/Src/modbus.o
 .debug_str     0x0009b40a     0x79d1 ./Core/Src/modbus_device.o
 .debug_str     0x0009b40a    0x98f5c ./Core/Src/modbus_init.o
 .debug_str     0x0009b40a     0x3e08 ./Core/Src/modbus_test.o
 .debug_str     0x0009b40a    0x958a1 ./Core/Src/stm32f3xx_hal_msp.o
 .debug_str     0x0009b40a    0x9551a ./Core/Src/stm32f3xx_it.o
 .debug_str     0x0009b40a    0x950cb ./Core/Src/system_stm32f3xx.o
 .debug_str     0x0009b40a    0x98ee5 ./Core/Src/uart_callbacks.o
 .debug_str     0x0009b40a       0x8b ./Core/Startup/startup_stm32f303k8tx.o
 .debug_str     0x0009b40a    0x957bb ./Drivers/STM32F3xx_HAL_Driver/Src/stm32f3xx_hal.o
 .debug_str     0x0009b40a    0x956e0 ./Drivers/STM32F3xx_HAL_Driver/Src/stm32f3xx_hal_cortex.o
 .debug_str     0x0009b40a    0x95413 ./Drivers/STM32F3xx_HAL_Driver/Src/stm32f3xx_hal_dma.o
 .debug_str     0x0009b40a    0x952aa ./Drivers/STM32F3xx_HAL_Driver/Src/stm32f3xx_hal_gpio.o
 .debug_str     0x0009b40a    0x9556b ./Drivers/STM32F3xx_HAL_Driver/Src/stm32f3xx_hal_rcc.o
 .debug_str     0x0009b40a    0x9526a ./Drivers/STM32F3xx_HAL_Driver/Src/stm32f3xx_hal_rcc_ex.o
 .debug_str     0x0009b40a    0x95dee ./Drivers/STM32F3xx_HAL_Driver/Src/stm32f3xx_hal_uart.o
 .debug_str     0x0009b40a    0x956f3 ./Drivers/STM32F3xx_HAL_Driver/Src/stm32f3xx_hal_uart_ex.o

.comment        0x00000000       0x43
 .comment       0x00000000       0x43 ./Core/Src/main.o
                                 0x44 (size before relaxing)
 .comment       0x00000043       0x44 ./Core/Src/mbutils.o
 .comment       0x00000043       0x44 ./Core/Src/modbus.o
 .comment       0x00000043       0x44 ./Core/Src/modbus_device.o
 .comment       0x00000043       0x44 ./Core/Src/modbus_init.o
 .comment       0x00000043       0x44 ./Core/Src/modbus_test.o
 .comment       0x00000043       0x44 ./Core/Src/stm32f3xx_hal_msp.o
 .comment       0x00000043       0x44 ./Core/Src/stm32f3xx_it.o
 .comment       0x00000043       0x44 ./Core/Src/system_stm32f3xx.o
 .comment       0x00000043       0x44 ./Core/Src/uart_callbacks.o
 .comment       0x00000043       0x44 ./Drivers/STM32F3xx_HAL_Driver/Src/stm32f3xx_hal.o
 .comment       0x00000043       0x44 ./Drivers/STM32F3xx_HAL_Driver/Src/stm32f3xx_hal_cortex.o
 .comment       0x00000043       0x44 ./Drivers/STM32F3xx_HAL_Driver/Src/stm32f3xx_hal_dma.o
 .comment       0x00000043       0x44 ./Drivers/STM32F3xx_HAL_Driver/Src/stm32f3xx_hal_gpio.o
 .comment       0x00000043       0x44 ./Drivers/STM32F3xx_HAL_Driver/Src/stm32f3xx_hal_rcc.o
 .comment       0x00000043       0x44 ./Drivers/STM32F3xx_HAL_Driver/Src/stm32f3xx_hal_rcc_ex.o
 .comment       0x00000043       0x44 ./Drivers/STM32F3xx_HAL_Driver/Src/stm32f3xx_hal_uart.o
 .comment       0x00000043       0x44 ./Drivers/STM32F3xx_HAL_Driver/Src/stm32f3xx_hal_uart_ex.o

.debug_frame    0x00000000     0x2a34
 .debug_frame   0x00000000       0xcc ./Core/Src/main.o
 .debug_frame   0x000000cc       0x58 ./Core/Src/mbutils.o
 .debug_frame   0x00000124      0x220 ./Core/Src/modbus.o
 .debug_frame   0x00000344       0xf4 ./Core/Src/modbus_device.o
 .debug_frame   0x00000438       0x90 ./Core/Src/modbus_init.o
 .debug_frame   0x000004c8       0x50 ./Core/Src/modbus_test.o
 .debug_frame   0x00000518       0x80 ./Core/Src/stm32f3xx_hal_msp.o
 .debug_frame   0x00000598      0x158 ./Core/Src/stm32f3xx_it.o
 .debug_frame   0x000006f0       0x58 ./Core/Src/system_stm32f3xx.o
 .debug_frame   0x00000748       0xe8 ./Core/Src/uart_callbacks.o
 .debug_frame   0x00000830      0x334 ./Drivers/STM32F3xx_HAL_Driver/Src/stm32f3xx_hal.o
 .debug_frame   0x00000b64      0x428 ./Drivers/STM32F3xx_HAL_Driver/Src/stm32f3xx_hal_cortex.o
 .debug_frame   0x00000f8c      0x224 ./Drivers/STM32F3xx_HAL_Driver/Src/stm32f3xx_hal_dma.o
 .debug_frame   0x000011b0      0x14c ./Drivers/STM32F3xx_HAL_Driver/Src/stm32f3xx_hal_gpio.o
 .debug_frame   0x000012fc      0x214 ./Drivers/STM32F3xx_HAL_Driver/Src/stm32f3xx_hal_rcc.o
 .debug_frame   0x00001510       0xac ./Drivers/STM32F3xx_HAL_Driver/Src/stm32f3xx_hal_rcc_ex.o
 .debug_frame   0x000015bc      0x9e8 ./Drivers/STM32F3xx_HAL_Driver/Src/stm32f3xx_hal_uart.o
 .debug_frame   0x00001fa4      0x1b4 ./Drivers/STM32F3xx_HAL_Driver/Src/stm32f3xx_hal_uart_ex.o
 .debug_frame   0x00002158      0x144 C:/ST/STM32CubeIDE_1.16.0/STM32CubeIDE/plugins/com.st.stm32cube.ide.mcu.externaltools.gnu-tools-for-stm32.13.3.rel1.win32_1.0.0.202411081344/tools/bin/../lib/gcc/arm-none-eabi/13.3.1/../../../../arm-none-eabi/lib/thumb/v7e-m+fp/hard\libc_nano.a(libc_a-findfp.o)
 .debug_frame   0x0000229c       0x34 C:/ST/STM32CubeIDE_1.16.0/STM32CubeIDE/plugins/com.st.stm32cube.ide.mcu.externaltools.gnu-tools-for-stm32.13.3.rel1.win32_1.0.0.202411081344/tools/bin/../lib/gcc/arm-none-eabi/13.3.1/../../../../arm-none-eabi/lib/thumb/v7e-m+fp/hard\libc_nano.a(libc_a-fwalk.o)
 .debug_frame   0x000022d0       0x88 C:/ST/STM32CubeIDE_1.16.0/STM32CubeIDE/plugins/com.st.stm32cube.ide.mcu.externaltools.gnu-tools-for-stm32.13.3.rel1.win32_1.0.0.202411081344/tools/bin/../lib/gcc/arm-none-eabi/13.3.1/../../../../arm-none-eabi/lib/thumb/v7e-m+fp/hard\libc_nano.a(libc_a-stdio.o)
 .debug_frame   0x00002358       0x20 C:/ST/STM32CubeIDE_1.16.0/STM32CubeIDE/plugins/com.st.stm32cube.ide.mcu.externaltools.gnu-tools-for-stm32.13.3.rel1.win32_1.0.0.202411081344/tools/bin/../lib/gcc/arm-none-eabi/13.3.1/../../../../arm-none-eabi/lib/thumb/v7e-m+fp/hard\libc_nano.a(libc_a-memset.o)
 .debug_frame   0x00002378       0x2c C:/ST/STM32CubeIDE_1.16.0/STM32CubeIDE/plugins/com.st.stm32cube.ide.mcu.externaltools.gnu-tools-for-stm32.13.3.rel1.win32_1.0.0.202411081344/tools/bin/../lib/gcc/arm-none-eabi/13.3.1/../../../../arm-none-eabi/lib/thumb/v7e-m+fp/hard\libc_nano.a(libc_a-closer.o)
 .debug_frame   0x000023a4       0x38 C:/ST/STM32CubeIDE_1.16.0/STM32CubeIDE/plugins/com.st.stm32cube.ide.mcu.externaltools.gnu-tools-for-stm32.13.3.rel1.win32_1.0.0.202411081344/tools/bin/../lib/gcc/arm-none-eabi/13.3.1/../../../../arm-none-eabi/lib/thumb/v7e-m+fp/hard\libc_nano.a(libc_a-reent.o)
 .debug_frame   0x000023dc       0x2c C:/ST/STM32CubeIDE_1.16.0/STM32CubeIDE/plugins/com.st.stm32cube.ide.mcu.externaltools.gnu-tools-for-stm32.13.3.rel1.win32_1.0.0.202411081344/tools/bin/../lib/gcc/arm-none-eabi/13.3.1/../../../../arm-none-eabi/lib/thumb/v7e-m+fp/hard\libc_nano.a(libc_a-lseekr.o)
 .debug_frame   0x00002408       0x2c C:/ST/STM32CubeIDE_1.16.0/STM32CubeIDE/plugins/com.st.stm32cube.ide.mcu.externaltools.gnu-tools-for-stm32.13.3.rel1.win32_1.0.0.202411081344/tools/bin/../lib/gcc/arm-none-eabi/13.3.1/../../../../arm-none-eabi/lib/thumb/v7e-m+fp/hard\libc_nano.a(libc_a-readr.o)
 .debug_frame   0x00002434       0x2c C:/ST/STM32CubeIDE_1.16.0/STM32CubeIDE/plugins/com.st.stm32cube.ide.mcu.externaltools.gnu-tools-for-stm32.13.3.rel1.win32_1.0.0.202411081344/tools/bin/../lib/gcc/arm-none-eabi/13.3.1/../../../../arm-none-eabi/lib/thumb/v7e-m+fp/hard\libc_nano.a(libc_a-writer.o)
 .debug_frame   0x00002460       0x20 C:/ST/STM32CubeIDE_1.16.0/STM32CubeIDE/plugins/com.st.stm32cube.ide.mcu.externaltools.gnu-tools-for-stm32.13.3.rel1.win32_1.0.0.202411081344/tools/bin/../lib/gcc/arm-none-eabi/13.3.1/../../../../arm-none-eabi/lib/thumb/v7e-m+fp/hard\libc_nano.a(libc_a-errno.o)
 .debug_frame   0x00002480       0x2c C:/ST/STM32CubeIDE_1.16.0/STM32CubeIDE/plugins/com.st.stm32cube.ide.mcu.externaltools.gnu-tools-for-stm32.13.3.rel1.win32_1.0.0.202411081344/tools/bin/../lib/gcc/arm-none-eabi/13.3.1/../../../../arm-none-eabi/lib/thumb/v7e-m+fp/hard\libc_nano.a(libc_a-init.o)
 .debug_frame   0x000024ac       0xb0 C:/ST/STM32CubeIDE_1.16.0/STM32CubeIDE/plugins/com.st.stm32cube.ide.mcu.externaltools.gnu-tools-for-stm32.13.3.rel1.win32_1.0.0.202411081344/tools/bin/../lib/gcc/arm-none-eabi/13.3.1/../../../../arm-none-eabi/lib/thumb/v7e-m+fp/hard\libc_nano.a(libc_a-lock.o)
 .debug_frame   0x0000255c       0x28 C:/ST/STM32CubeIDE_1.16.0/STM32CubeIDE/plugins/com.st.stm32cube.ide.mcu.externaltools.gnu-tools-for-stm32.13.3.rel1.win32_1.0.0.202411081344/tools/bin/../lib/gcc/arm-none-eabi/13.3.1/../../../../arm-none-eabi/lib/thumb/v7e-m+fp/hard\libc_nano.a(libc_a-memcpy-stub.o)
 .debug_frame   0x00002584       0x38 C:/ST/STM32CubeIDE_1.16.0/STM32CubeIDE/plugins/com.st.stm32cube.ide.mcu.externaltools.gnu-tools-for-stm32.13.3.rel1.win32_1.0.0.202411081344/tools/bin/../lib/gcc/arm-none-eabi/13.3.1/../../../../arm-none-eabi/lib/thumb/v7e-m+fp/hard\libc_nano.a(libc_a-freer.o)
 .debug_frame   0x000025bc       0x50 C:/ST/STM32CubeIDE_1.16.0/STM32CubeIDE/plugins/com.st.stm32cube.ide.mcu.externaltools.gnu-tools-for-stm32.13.3.rel1.win32_1.0.0.202411081344/tools/bin/../lib/gcc/arm-none-eabi/13.3.1/../../../../arm-none-eabi/lib/thumb/v7e-m+fp/hard\libc_nano.a(libc_a-mallocr.o)
 .debug_frame   0x0000260c       0x30 C:/ST/STM32CubeIDE_1.16.0/STM32CubeIDE/plugins/com.st.stm32cube.ide.mcu.externaltools.gnu-tools-for-stm32.13.3.rel1.win32_1.0.0.202411081344/tools/bin/../lib/gcc/arm-none-eabi/13.3.1/../../../../arm-none-eabi/lib/thumb/v7e-m+fp/hard\libc_nano.a(libc_a-mlock.o)
 .debug_frame   0x0000263c       0x5c C:/ST/STM32CubeIDE_1.16.0/STM32CubeIDE/plugins/com.st.stm32cube.ide.mcu.externaltools.gnu-tools-for-stm32.13.3.rel1.win32_1.0.0.202411081344/tools/bin/../lib/gcc/arm-none-eabi/13.3.1/../../../../arm-none-eabi/lib/thumb/v7e-m+fp/hard\libc_nano.a(libc_a-fflush.o)
 .debug_frame   0x00002698      0x39c C:/ST/STM32CubeIDE_1.16.0/STM32CubeIDE/plugins/com.st.stm32cube.ide.mcu.externaltools.gnu-tools-for-stm32.13.3.rel1.win32_1.0.0.202411081344/tools/bin/../lib/gcc/arm-none-eabi/13.3.1/../../../../arm-none-eabi/lib/thumb/v7e-m+fp/hard\librdimon_nano.a(arm_librdimon_a-syscalls.o)

.debug_line_str
                0x00000000       0x6f
 .debug_line_str
                0x00000000       0x6f ./Core/Startup/startup_stm32f303k8tx.o
