../Drivers/CMSIS/Include/core_cm4.h:1939:34:__NVIC_SystemReset	4	static,ignoring_inline_asm
../Core/Src/main.c:94:5:main	8	static
../Core/Src/main.c:214:6:SystemClock_Config	72	static
../Core/Src/main.c:250:13:MX_USART1_UART_Init	32	static
../Core/Src/main.c:292:6:SoftwareWatchdog_Init	8	static
../Core/Src/main.c:302:6:SoftwareWatchdog_Refresh	16	static
../Core/Src/main.c:320:13:MX_DMA_Init	16	static
../Core/Src/main.c:340:13:MX_GPIO_Init	32	static
../Core/Src/main.c:372:6:ModbusRecovery_Init	16	static
../Core/Src/main.c:386:6:ModbusRecovery_MarkActivity	8	static
../Core/Src/main.c:396:6:ModbusRecovery_Update	16	static
../Core/Src/main.c:435:6:ModbusRecovery_ResetState	16	static
../Core/Src/main.c:469:6:ModbusRecovery_MarkError	4	static
../Core/Src/main.c:480:6:Error_Handler	4	static,ignoring_inline_asm
