../Drivers/CMSIS/Include/core_cm4.h:1939:34:__NVIC_SystemReset	4	static,ignoring_inline_asm
../Core/Src/main.c:79:5:main	8	static
../Core/Src/main.c:193:6:SystemClock_Config	72	static
../Core/Src/main.c:229:13:MX_USART1_UART_Init	32	static
../Core/Src/main.c:271:6:SoftwareWatchdog_Init	8	static
../Core/Src/main.c:281:6:SoftwareWatchdog_Refresh	16	static
../Core/Src/main.c:299:13:MX_DMA_Init	16	static
../Core/Src/main.c:319:13:MX_GPIO_Init	32	static
../Core/Src/main.c:352:6:Error_Handler	4	static,ignoring_inline_asm
