10:44:22 **** Incremental Build of configuration Debug for project modbusTrying ****
make -j8 all 
arm-none-eabi-gcc -o "modbusTrying.elf" @"objects.list"   -mcpu=cortex-m4 -T"C:\Users\rolni\kody\Stm32-sensor-module-with-modbus\modbusTrying\STM32F303K8TX_FLASH.ld" --specs=nosys.specs -Wl,-Map="modbusTrying.map" -Wl,--gc-sections -static --specs=nano.specs -mfpu=fpv4-sp-d16 -mfloat-abi=hard -mthumb -Wl,--start-group -lc -lm -Wl,--end-group
Finished building target: modbusTrying.elf
 
arm-none-eabi-size  modbusTrying.elf 
arm-none-eabi-objdump -h -S modbusTrying.elf  > "modbusTrying.list"
   text	   data	    bss	    dec	    hex	filename
  19276	     52	   4012	  23340	   5b2c	modbusTrying.elf
Finished building: default.size.stdout
 
Finished building: modbusTrying.list
 

10:44:23 Build Finished. 0 errors, 0 warnings. (took 1s.437ms)

