../Core/Src/main.c:84:6:ModbusRecovery_MarkActivity	1
../Core/Src/main.c:95:6:ModbusRecovery_MarkError	1
../Core/Src/main.c:106:10:mbus_tickcount	1
../Core/Src/main.c:116:6:HAL_TIM_PeriodElapsedCallback	2
../Core/Src/main.c:135:5:main	2
../Core/Src/main.c:220:6:SystemClock_Config	4
../Core/Src/main.c:269:13:MX_ADC1_Init	7
../Core/Src/main.c:360:13:MX_I2C1_Init	4
../Core/Src/main.c:408:13:MX_TIM3_Init	4
../Core/Src/main.c:453:13:MX_USART1_UART_Init	2
../Core/Src/main.c:486:13:MX_DMA_Init	1
../Core/Src/main.c:510:13:MX_GPIO_Init	1
../Core/Src/main.c:546:6:Error_Handler	1
