../Core/Src/main.c:84:6:ModbusRecovery_MarkActivity	4	static
../Core/Src/main.c:95:6:ModbusRecovery_MarkError	4	static
../Core/Src/main.c:106:10:mbus_tickcount	8	static
../Core/Src/main.c:116:6:HAL_TIM_PeriodElapsedCallback	16	static
../Core/Src/main.c:135:5:main	8	static
../Core/Src/main.c:220:6:SystemClock_Config	96	static
../Core/Src/main.c:267:13:MX_ADC1_Init	48	static
../Core/Src/main.c:357:13:MX_I2C1_Init	8	static
../Core/Src/main.c:404:13:MX_TIM3_Init	40	static
../Core/Src/main.c:448:13:MX_USART1_UART_Init	8	static
../Core/Src/main.c:480:13:MX_DMA_Init	16	static
../Core/Src/main.c:503:13:MX_GPIO_Init	40	static
../Core/Src/main.c:533:6:Error_Handler	4	static,ignoring_inline_asm
