../Core/Src/sensors.c:29:19:MQ2_Init	8	static
../Core/Src/sensors.c:51:26:MQ2_ConfigureChannel	40	static
../Core/Src/sensors.c:72:19:MQ2_ReadChannel	32	static
../Core/Src/sensors.c:128:19:MQ2_ReadDigitalChannel	24	static
../Core/Src/sensors.c:174:19:MQ2_ReadAllChannels	16	static
../Core/Src/sensors.c:204:9:SCD30_CalcCRC	24	static
../Core/Src/sensors.c:226:19:SCD30_Init	8	static
../Core/Src/sensors.c:244:19:SCD30_StartMeasurement	16	static
../Core/Src/sensors.c:260:19:SCD30_DataReady	32	static
../Core/Src/sensors.c:288:19:SCD30_ReadMeasurement	72	static
../Core/Src/sensors.c:335:19:SCD30_UpdateData	16	static
../Core/Src/sensors.c:388:6:Sensors_Init	8	static
../Core/Src/sensors.c:406:6:Sensors_UpdateAll	8	static
../Core/Src/sensors.c:423:10:Sensors_GetMQ2Value	16	static
../Core/Src/sensors.c:435:10:Sensors_GetMQ2Voltage	16	static
../Core/Src/sensors.c:447:9:Sensors_GetMQ2Digital	16	static
../Core/Src/sensors.c:459:7:Sensors_GetSCD30_CO2	4	static
../Core/Src/sensors.c:469:7:Sensors_GetSCD30_Temperature	4	static
../Core/Src/sensors.c:479:7:Sensors_GetSCD30_Humidity	4	static
