../Core/Src/main.c:103:5:main	8	static
../Core/Src/main.c:201:6:SystemClock_Config	96	static
../Core/Src/main.c:244:13:MX_USART1_UART_Init	8	static
../Core/Src/main.c:276:13:MX_DMA_Init	16	static
../Core/Src/main.c:296:13:MX_GPIO_Init	16	static
../Core/Src/main.c:322:6:StartDefaultTask	16	static
../Core/Src/main.c:340:6:ModbusCommunicationTask	16	static
../Core/Src/main.c:362:6:SensorUpdateTask	16	static
../Core/Src/main.c:388:6:HAL_TIM_PeriodElapsedCallback	16	static
../Core/Src/main.c:406:6:Error_Handler	4	static,ignoring_inline_asm
